<?xml version="1.0" encoding="ISO-8859-1" ?>
<link_info>
   <banner>TI ARM Linker PC v20.2.5.LTS</banner>
   <copyright>Copyright (c) 1996-2018 Texas Instruments Incorporated</copyright>
   <link_time>0x63211725</link_time>
   <link_errors>0x0</link_errors>
   <output_file>I2C_UART_LCD.out</output_file>
   <entry_point>
      <name>_c_int00_noargs</name>
      <address>0x4c45</address>
   </entry_point>
   <input_file_list>
      <input_file id="fl-2">
         <path>.\</path>
         <kind>object</kind>
         <file>I2C_UART_LCD.obj</file>
         <name>I2C_UART_LCD.obj</name>
      </input_file>
      <input_file id="fl-3">
         <path>.\</path>
         <kind>object</kind>
         <file>clock.obj</file>
         <name>clock.obj</name>
      </input_file>
      <input_file id="fl-4">
         <path>.\</path>
         <kind>object</kind>
         <file>gpio.obj</file>
         <name>gpio.obj</name>
      </input_file>
      <input_file id="fl-5">
         <path>.\</path>
         <kind>object</kind>
         <file>i2c0.obj</file>
         <name>i2c0.obj</name>
      </input_file>
      <input_file id="fl-6">
         <path>.\</path>
         <kind>object</kind>
         <file>i2c0_lcd.obj</file>
         <name>i2c0_lcd.obj</name>
      </input_file>
      <input_file id="fl-7">
         <path>.\</path>
         <kind>object</kind>
         <file>nvic.obj</file>
         <name>nvic.obj</name>
      </input_file>
      <input_file id="fl-8">
         <path>.\</path>
         <kind>object</kind>
         <file>tm4c123gh6pm_startup_ccs.obj</file>
         <name>tm4c123gh6pm_startup_ccs.obj</name>
      </input_file>
      <input_file id="fl-9">
         <path>.\</path>
         <kind>object</kind>
         <file>uart0.obj</file>
         <name>uart0.obj</name>
      </input_file>
      <input_file id="fl-a">
         <path>.\</path>
         <kind>object</kind>
         <file>wait.obj</file>
         <name>wait.obj</name>
      </input_file>
      <input_file id="fl-e">
         <kind>object</kind>
         <file>&lt;internal&gt;</file>
         <name>&lt;internal&gt;</name>
      </input_file>
      <input_file id="fl-c4">
         <path>C:\ti\ccs1120\ccs\tools\compiler\ti-cgt-arm_20.2.5.LTS\lib\</path>
         <kind>archive</kind>
         <file>rtsv7M4_T_le_v4SPD16_eabi.lib</file>
         <name>snprintf.c.obj</name>
      </input_file>
      <input_file id="fl-c5">
         <path>C:\ti\ccs1120\ccs\tools\compiler\ti-cgt-arm_20.2.5.LTS\lib\</path>
         <kind>archive</kind>
         <file>rtsv7M4_T_le_v4SPD16_eabi.lib</file>
         <name>sprintf.c.obj</name>
      </input_file>
      <input_file id="fl-c6">
         <path>C:\ti\ccs1120\ccs\tools\compiler\ti-cgt-arm_20.2.5.LTS\lib\</path>
         <kind>archive</kind>
         <file>rtsv7M4_T_le_v4SPD16_eabi.lib</file>
         <name>sscanf.c.obj</name>
      </input_file>
      <input_file id="fl-c7">
         <path>C:\ti\ccs1120\ccs\tools\compiler\ti-cgt-arm_20.2.5.LTS\lib\</path>
         <kind>archive</kind>
         <file>rtsv7M4_T_le_v4SPD16_eabi.lib</file>
         <name>memcpy_t2.asm.obj</name>
      </input_file>
      <input_file id="fl-c8">
         <path>C:\ti\ccs1120\ccs\tools\compiler\ti-cgt-arm_20.2.5.LTS\lib\</path>
         <kind>archive</kind>
         <file>rtsv7M4_T_le_v4SPD16_eabi.lib</file>
         <name>copy_zero_init.c.obj</name>
      </input_file>
      <input_file id="fl-c9">
         <path>C:\ti\ccs1120\ccs\tools\compiler\ti-cgt-arm_20.2.5.LTS\lib\</path>
         <kind>archive</kind>
         <file>rtsv7M4_T_le_v4SPD16_eabi.lib</file>
         <name>copy_decompress_none.c.obj</name>
      </input_file>
      <input_file id="fl-ca">
         <path>C:\ti\ccs1120\ccs\tools\compiler\ti-cgt-arm_20.2.5.LTS\lib\</path>
         <kind>archive</kind>
         <file>rtsv7M4_T_le_v4SPD16_eabi.lib</file>
         <name>copy_decompress_lzss.c.obj</name>
      </input_file>
      <input_file id="fl-cb">
         <path>C:\ti\ccs1120\ccs\tools\compiler\ti-cgt-arm_20.2.5.LTS\lib\</path>
         <kind>archive</kind>
         <file>rtsv7M4_T_le_v4SPD16_eabi.lib</file>
         <name>ctype.c.obj</name>
      </input_file>
      <input_file id="fl-cc">
         <path>C:\ti\ccs1120\ccs\tools\compiler\ti-cgt-arm_20.2.5.LTS\lib\</path>
         <kind>archive</kind>
         <file>rtsv7M4_T_le_v4SPD16_eabi.lib</file>
         <name>strcmp.c.obj</name>
      </input_file>
      <input_file id="fl-cd">
         <path>C:\ti\ccs1120\ccs\tools\compiler\ti-cgt-arm_20.2.5.LTS\lib\</path>
         <kind>archive</kind>
         <file>rtsv7M4_T_le_v4SPD16_eabi.lib</file>
         <name>strlen.c.obj</name>
      </input_file>
      <input_file id="fl-ce">
         <path>C:\ti\ccs1120\ccs\tools\compiler\ti-cgt-arm_20.2.5.LTS\lib\</path>
         <kind>archive</kind>
         <file>rtsv7M4_T_le_v4SPD16_eabi.lib</file>
         <name>strtok.c.obj</name>
      </input_file>
      <input_file id="fl-cf">
         <path>C:\ti\ccs1120\ccs\tools\compiler\ti-cgt-arm_20.2.5.LTS\lib\</path>
         <kind>archive</kind>
         <file>rtsv7M4_T_le_v4SPD16_eabi.lib</file>
         <name>tolower.c.obj</name>
      </input_file>
      <input_file id="fl-d0">
         <path>C:\ti\ccs1120\ccs\tools\compiler\ti-cgt-arm_20.2.5.LTS\lib\</path>
         <kind>archive</kind>
         <file>rtsv7M4_T_le_v4SPD16_eabi.lib</file>
         <name>boot_cortex_m.c.obj</name>
      </input_file>
      <input_file id="fl-d1">
         <path>C:\ti\ccs1120\ccs\tools\compiler\ti-cgt-arm_20.2.5.LTS\lib\</path>
         <kind>archive</kind>
         <file>rtsv7M4_T_le_v4SPD16_eabi.lib</file>
         <name>_printfi.c.obj</name>
      </input_file>
      <input_file id="fl-d2">
         <path>C:\ti\ccs1120\ccs\tools\compiler\ti-cgt-arm_20.2.5.LTS\lib\</path>
         <kind>archive</kind>
         <file>rtsv7M4_T_le_v4SPD16_eabi.lib</file>
         <name>_scanfi.c.obj</name>
      </input_file>
      <input_file id="fl-d3">
         <path>C:\ti\ccs1120\ccs\tools\compiler\ti-cgt-arm_20.2.5.LTS\lib\</path>
         <kind>archive</kind>
         <file>rtsv7M4_T_le_v4SPD16_eabi.lib</file>
         <name>s_frexp.c.obj</name>
      </input_file>
      <input_file id="fl-d4">
         <path>C:\ti\ccs1120\ccs\tools\compiler\ti-cgt-arm_20.2.5.LTS\lib\</path>
         <kind>archive</kind>
         <file>rtsv7M4_T_le_v4SPD16_eabi.lib</file>
         <name>s_scalbn.c.obj</name>
      </input_file>
      <input_file id="fl-d5">
         <path>C:\ti\ccs1120\ccs\tools\compiler\ti-cgt-arm_20.2.5.LTS\lib\</path>
         <kind>archive</kind>
         <file>rtsv7M4_T_le_v4SPD16_eabi.lib</file>
         <name>wcslen.c.obj</name>
      </input_file>
      <input_file id="fl-d6">
         <path>C:\ti\ccs1120\ccs\tools\compiler\ti-cgt-arm_20.2.5.LTS\lib\</path>
         <kind>archive</kind>
         <file>rtsv7M4_T_le_v4SPD16_eabi.lib</file>
         <name>fd_add_t2.asm.obj</name>
      </input_file>
      <input_file id="fl-d7">
         <path>C:\ti\ccs1120\ccs\tools\compiler\ti-cgt-arm_20.2.5.LTS\lib\</path>
         <kind>archive</kind>
         <file>rtsv7M4_T_le_v4SPD16_eabi.lib</file>
         <name>fd_cmp_t2.asm.obj</name>
      </input_file>
      <input_file id="fl-d8">
         <path>C:\ti\ccs1120\ccs\tools\compiler\ti-cgt-arm_20.2.5.LTS\lib\</path>
         <kind>archive</kind>
         <file>rtsv7M4_T_le_v4SPD16_eabi.lib</file>
         <name>fd_div_t2.asm.obj</name>
      </input_file>
      <input_file id="fl-d9">
         <path>C:\ti\ccs1120\ccs\tools\compiler\ti-cgt-arm_20.2.5.LTS\lib\</path>
         <kind>archive</kind>
         <file>rtsv7M4_T_le_v4SPD16_eabi.lib</file>
         <name>fd_mul_t2.asm.obj</name>
      </input_file>
      <input_file id="fl-da">
         <path>C:\ti\ccs1120\ccs\tools\compiler\ti-cgt-arm_20.2.5.LTS\lib\</path>
         <kind>archive</kind>
         <file>rtsv7M4_T_le_v4SPD16_eabi.lib</file>
         <name>fd_toi_t2.asm.obj</name>
      </input_file>
      <input_file id="fl-db">
         <path>C:\ti\ccs1120\ccs\tools\compiler\ti-cgt-arm_20.2.5.LTS\lib\</path>
         <kind>archive</kind>
         <file>rtsv7M4_T_le_v4SPD16_eabi.lib</file>
         <name>fd_tos_t2.asm.obj</name>
      </input_file>
      <input_file id="fl-dc">
         <path>C:\ti\ccs1120\ccs\tools\compiler\ti-cgt-arm_20.2.5.LTS\lib\</path>
         <kind>archive</kind>
         <file>rtsv7M4_T_le_v4SPD16_eabi.lib</file>
         <name>i_tofd_t2.asm.obj</name>
      </input_file>
      <input_file id="fl-dd">
         <path>C:\ti\ccs1120\ccs\tools\compiler\ti-cgt-arm_20.2.5.LTS\lib\</path>
         <kind>archive</kind>
         <file>rtsv7M4_T_le_v4SPD16_eabi.lib</file>
         <name>ull_div_t2.asm.obj</name>
      </input_file>
      <input_file id="fl-de">
         <path>C:\ti\ccs1120\ccs\tools\compiler\ti-cgt-arm_20.2.5.LTS\lib\</path>
         <kind>archive</kind>
         <file>rtsv7M4_T_le_v4SPD16_eabi.lib</file>
         <name>memset_t2.asm.obj</name>
      </input_file>
      <input_file id="fl-df">
         <path>C:\ti\ccs1120\ccs\tools\compiler\ti-cgt-arm_20.2.5.LTS\lib\</path>
         <kind>archive</kind>
         <file>rtsv7M4_T_le_v4SPD16_eabi.lib</file>
         <name>autoinit.c.obj</name>
      </input_file>
      <input_file id="fl-e0">
         <path>C:\ti\ccs1120\ccs\tools\compiler\ti-cgt-arm_20.2.5.LTS\lib\</path>
         <kind>archive</kind>
         <file>rtsv7M4_T_le_v4SPD16_eabi.lib</file>
         <name>pre_init.c.obj</name>
      </input_file>
      <input_file id="fl-e1">
         <path>C:\ti\ccs1120\ccs\tools\compiler\ti-cgt-arm_20.2.5.LTS\lib\</path>
         <kind>archive</kind>
         <file>rtsv7M4_T_le_v4SPD16_eabi.lib</file>
         <name>cpy_tbl.c.obj</name>
      </input_file>
      <input_file id="fl-e2">
         <path>C:\ti\ccs1120\ccs\tools\compiler\ti-cgt-arm_20.2.5.LTS\lib\</path>
         <kind>archive</kind>
         <file>rtsv7M4_T_le_v4SPD16_eabi.lib</file>
         <name>exit.c.obj</name>
      </input_file>
      <input_file id="fl-e3">
         <path>C:\ti\ccs1120\ccs\tools\compiler\ti-cgt-arm_20.2.5.LTS\lib\</path>
         <kind>archive</kind>
         <file>rtsv7M4_T_le_v4SPD16_eabi.lib</file>
         <name>_lock.c.obj</name>
      </input_file>
      <input_file id="fl-e4">
         <path>C:\ti\ccs1120\ccs\tools\compiler\ti-cgt-arm_20.2.5.LTS\lib\</path>
         <kind>archive</kind>
         <file>rtsv7M4_T_le_v4SPD16_eabi.lib</file>
         <name>_ltoa.c.obj</name>
      </input_file>
      <input_file id="fl-e5">
         <path>C:\ti\ccs1120\ccs\tools\compiler\ti-cgt-arm_20.2.5.LTS\lib\</path>
         <kind>archive</kind>
         <file>rtsv7M4_T_le_v4SPD16_eabi.lib</file>
         <name>args_main.c.obj</name>
      </input_file>
      <input_file id="fl-e6">
         <path>C:\ti\ccs1120\ccs\tools\compiler\ti-cgt-arm_20.2.5.LTS\lib\</path>
         <kind>archive</kind>
         <file>rtsv7M4_T_le_v4SPD16_eabi.lib</file>
         <name>atoi.c.obj</name>
      </input_file>
      <input_file id="fl-e7">
         <path>C:\ti\ccs1120\ccs\tools\compiler\ti-cgt-arm_20.2.5.LTS\lib\</path>
         <kind>archive</kind>
         <file>rtsv7M4_T_le_v4SPD16_eabi.lib</file>
         <name>memccpy.c.obj</name>
      </input_file>
      <input_file id="fl-e8">
         <path>C:\ti\ccs1120\ccs\tools\compiler\ti-cgt-arm_20.2.5.LTS\lib\</path>
         <kind>archive</kind>
         <file>rtsv7M4_T_le_v4SPD16_eabi.lib</file>
         <name>strchr.c.obj</name>
      </input_file>
      <input_file id="fl-e9">
         <path>C:\ti\ccs1120\ccs\tools\compiler\ti-cgt-arm_20.2.5.LTS\lib\</path>
         <kind>archive</kind>
         <file>rtsv7M4_T_le_v4SPD16_eabi.lib</file>
         <name>strcpy.c.obj</name>
      </input_file>
      <input_file id="fl-ea">
         <path>C:\ti\ccs1120\ccs\tools\compiler\ti-cgt-arm_20.2.5.LTS\lib\</path>
         <kind>archive</kind>
         <file>rtsv7M4_T_le_v4SPD16_eabi.lib</file>
         <name>strcspn.c.obj</name>
      </input_file>
      <input_file id="fl-eb">
         <path>C:\ti\ccs1120\ccs\tools\compiler\ti-cgt-arm_20.2.5.LTS\lib\</path>
         <kind>archive</kind>
         <file>rtsv7M4_T_le_v4SPD16_eabi.lib</file>
         <name>strrchr.c.obj</name>
      </input_file>
      <input_file id="fl-ec">
         <path>C:\ti\ccs1120\ccs\tools\compiler\ti-cgt-arm_20.2.5.LTS\lib\</path>
         <kind>archive</kind>
         <file>rtsv7M4_T_le_v4SPD16_eabi.lib</file>
         <name>strspn.c.obj</name>
      </input_file>
      <input_file id="fl-ed">
         <path>C:\ti\ccs1120\ccs\tools\compiler\ti-cgt-arm_20.2.5.LTS\lib\</path>
         <kind>archive</kind>
         <file>rtsv7M4_T_le_v4SPD16_eabi.lib</file>
         <name>strtod.c.obj</name>
      </input_file>
      <input_file id="fl-ee">
         <path>C:\ti\ccs1120\ccs\tools\compiler\ti-cgt-arm_20.2.5.LTS\lib\</path>
         <kind>archive</kind>
         <file>rtsv7M4_T_le_v4SPD16_eabi.lib</file>
         <name>strtol.c.obj</name>
      </input_file>
      <input_file id="fl-ef">
         <path>C:\ti\ccs1120\ccs\tools\compiler\ti-cgt-arm_20.2.5.LTS\lib\</path>
         <kind>archive</kind>
         <file>rtsv7M4_T_le_v4SPD16_eabi.lib</file>
         <name>strtoll.c.obj</name>
      </input_file>
      <input_file id="fl-f0">
         <path>C:\ti\ccs1120\ccs\tools\compiler\ti-cgt-arm_20.2.5.LTS\lib\</path>
         <kind>archive</kind>
         <file>rtsv7M4_T_le_v4SPD16_eabi.lib</file>
         <name>strtoul.c.obj</name>
      </input_file>
      <input_file id="fl-f1">
         <path>C:\ti\ccs1120\ccs\tools\compiler\ti-cgt-arm_20.2.5.LTS\lib\</path>
         <kind>archive</kind>
         <file>rtsv7M4_T_le_v4SPD16_eabi.lib</file>
         <name>strtoull.c.obj</name>
      </input_file>
      <input_file id="fl-f2">
         <path>C:\ti\ccs1120\ccs\tools\compiler\ti-cgt-arm_20.2.5.LTS\lib\</path>
         <kind>archive</kind>
         <file>rtsv7M4_T_le_v4SPD16_eabi.lib</file>
         <name>errno.c.obj</name>
      </input_file>
      <input_file id="fl-f3">
         <path>C:\ti\ccs1120\ccs\tools\compiler\ti-cgt-arm_20.2.5.LTS\lib\</path>
         <kind>archive</kind>
         <file>rtsv7M4_T_le_v4SPD16_eabi.lib</file>
         <name>s_copysign.c.obj</name>
      </input_file>
      <input_file id="fl-f4">
         <path>C:\ti\ccs1120\ccs\tools\compiler\ti-cgt-arm_20.2.5.LTS\lib\</path>
         <kind>archive</kind>
         <file>rtsv7M4_T_le_v4SPD16_eabi.lib</file>
         <name>div0.asm.obj</name>
      </input_file>
      <input_file id="fl-f5">
         <path>C:\ti\ccs1120\ccs\tools\compiler\ti-cgt-arm_20.2.5.LTS\lib\</path>
         <kind>archive</kind>
         <file>rtsv7M4_T_le_v4SPD16_eabi.lib</file>
         <name>ll_mul_t2.asm.obj</name>
      </input_file>
   </input_file_list>
   <object_component_list>
      <object_component id="oc-12">
         <name>.intvecs</name>
         <load_address>0x0</load_address>
         <run_address>0x0</run_address>
         <size>0x26c</size>
         <input_file_ref idref="fl-8"/>
      </object_component>
      <object_component id="oc-112">
         <name>.text:__TI_scanfi</name>
         <load_address>0x26c</load_address>
         <run_address>0x26c</run_address>
         <size>0xb14</size>
         <input_file_ref idref="fl-d2"/>
      </object_component>
      <object_component id="oc-165">
         <name>.text:__TI_printfi</name>
         <load_address>0xd80</load_address>
         <run_address>0xd80</run_address>
         <size>0xa4e</size>
         <input_file_ref idref="fl-d1"/>
      </object_component>
      <object_component id="oc-361">
         <name>.text</name>
         <load_address>0x17ce</load_address>
         <run_address>0x17ce</run_address>
         <size>0x2</size>
         <input_file_ref idref="fl-f4"/>
      </object_component>
      <object_component id="oc-9e">
         <name>.text</name>
         <load_address>0x17d0</load_address>
         <run_address>0x17d0</run_address>
         <size>0x7e4</size>
         <input_file_ref idref="fl-4"/>
      </object_component>
      <object_component id="oc-2d">
         <name>.text</name>
         <load_address>0x1fb4</load_address>
         <run_address>0x1fb4</run_address>
         <size>0x7a6</size>
         <input_file_ref idref="fl-2"/>
      </object_component>
      <object_component id="oc-1f8">
         <name>.text:strtod</name>
         <load_address>0x275c</load_address>
         <run_address>0x275c</run_address>
         <size>0x460</size>
         <input_file_ref idref="fl-ed"/>
      </object_component>
      <object_component id="oc-8c">
         <name>.text</name>
         <load_address>0x2bbc</load_address>
         <run_address>0x2bbc</run_address>
         <size>0x3c4</size>
         <input_file_ref idref="fl-5"/>
      </object_component>
      <object_component id="oc-260">
         <name>.text:_pconv_a</name>
         <load_address>0x2f80</load_address>
         <run_address>0x2f80</run_address>
         <size>0x270</size>
         <input_file_ref idref="fl-d1"/>
      </object_component>
      <object_component id="oc-209">
         <name>.text:strtoll</name>
         <load_address>0x31f0</load_address>
         <run_address>0x31f0</run_address>
         <size>0x1dc</size>
         <input_file_ref idref="fl-ef"/>
      </object_component>
      <object_component id="oc-24e">
         <name>.text:_pconv_g</name>
         <load_address>0x33cc</load_address>
         <run_address>0x33cc</run_address>
         <size>0x1d0</size>
         <input_file_ref idref="fl-d1"/>
      </object_component>
      <object_component id="oc-2c3">
         <name>.text</name>
         <load_address>0x359c</load_address>
         <run_address>0x359c</run_address>
         <size>0x1b6</size>
         <input_file_ref idref="fl-d6"/>
      </object_component>
      <object_component id="oc-1ec">
         <name>.text:strtoull</name>
         <load_address>0x3754</load_address>
         <run_address>0x3754</run_address>
         <size>0x15c</size>
         <input_file_ref idref="fl-f1"/>
      </object_component>
      <object_component id="oc-25a">
         <name>.text:_pconv_e</name>
         <load_address>0x38b0</load_address>
         <run_address>0x38b0</run_address>
         <size>0x13c</size>
         <input_file_ref idref="fl-d1"/>
      </object_component>
      <object_component id="oc-2c8">
         <name>.text</name>
         <load_address>0x39ec</load_address>
         <run_address>0x39ec</run_address>
         <size>0x136</size>
         <input_file_ref idref="fl-d8"/>
      </object_component>
      <object_component id="oc-203">
         <name>.text:strtol</name>
         <load_address>0x3b24</load_address>
         <run_address>0x3b24</run_address>
         <size>0x130</size>
         <input_file_ref idref="fl-ee"/>
      </object_component>
      <object_component id="oc-7a">
         <name>.text</name>
         <load_address>0x3c54</load_address>
         <run_address>0x3c54</run_address>
         <size>0x128</size>
         <input_file_ref idref="fl-9"/>
      </object_component>
      <object_component id="oc-313">
         <name>.text:fcvt</name>
         <load_address>0x3d7c</load_address>
         <run_address>0x3d7c</run_address>
         <size>0x124</size>
         <input_file_ref idref="fl-d1"/>
      </object_component>
      <object_component id="oc-92">
         <name>.text</name>
         <load_address>0x3ea0</load_address>
         <run_address>0x3ea0</run_address>
         <size>0x11e</size>
         <input_file_ref idref="fl-6"/>
      </object_component>
      <object_component id="oc-2cd">
         <name>.text:scalbn</name>
         <load_address>0x3fc0</load_address>
         <run_address>0x3fc0</run_address>
         <size>0x110</size>
         <input_file_ref idref="fl-d4"/>
      </object_component>
      <object_component id="oc-1f2">
         <name>.text:strtoul</name>
         <load_address>0x40d0</load_address>
         <run_address>0x40d0</run_address>
         <size>0x110</size>
         <input_file_ref idref="fl-f0"/>
      </object_component>
      <object_component id="oc-2be">
         <name>.text</name>
         <load_address>0x41e0</load_address>
         <run_address>0x41e0</run_address>
         <size>0xfc</size>
         <input_file_ref idref="fl-d9"/>
      </object_component>
      <object_component id="oc-a7">
         <name>.text</name>
         <load_address>0x42dc</load_address>
         <run_address>0x42dc</run_address>
         <size>0xd4</size>
         <input_file_ref idref="fl-7"/>
      </object_component>
      <object_component id="oc-243">
         <name>.text:_ltostr</name>
         <load_address>0x43b0</load_address>
         <run_address>0x43b0</run_address>
         <size>0xb1</size>
         <input_file_ref idref="fl-d1"/>
      </object_component>
      <object_component id="oc-41">
         <name>.text</name>
         <load_address>0x4462</load_address>
         <run_address>0x4462</run_address>
         <size>0x9c</size>
         <input_file_ref idref="fl-c7"/>
      </object_component>
      <object_component id="oc-2b5">
         <name>.text</name>
         <load_address>0x44fe</load_address>
         <run_address>0x44fe</run_address>
         <size>0x96</size>
         <input_file_ref idref="fl-dd"/>
      </object_component>
      <object_component id="oc-249">
         <name>.text:__aeabi_cdcmple</name>
         <load_address>0x4594</load_address>
         <run_address>0x4594</run_address>
         <size>0x86</size>
         <input_file_ref idref="fl-d7"/>
      </object_component>
      <object_component id="oc-2f1">
         <name>.text:__aeabi_cdrcmple</name>
         <load_address>0x461a</load_address>
         <run_address>0x461a</run_address>
         <size>0x86</size>
         <input_file_ref idref="fl-d7"/>
      </object_component>
      <object_component id="oc-f2">
         <name>.text</name>
         <load_address>0x46a0</load_address>
         <run_address>0x46a0</run_address>
         <size>0x7a</size>
         <input_file_ref idref="fl-de"/>
      </object_component>
      <object_component id="oc-30c">
         <name>.text:_mcpy</name>
         <load_address>0x471a</load_address>
         <run_address>0x471a</run_address>
         <size>0x6e</size>
         <input_file_ref idref="fl-d1"/>
      </object_component>
      <object_component id="oc-1fe">
         <name>.text</name>
         <load_address>0x4788</load_address>
         <run_address>0x4788</run_address>
         <size>0x6e</size>
         <input_file_ref idref="fl-db"/>
      </object_component>
      <object_component id="oc-124">
         <name>.text:_chkmbc</name>
         <load_address>0x47f8</load_address>
         <run_address>0x47f8</run_address>
         <size>0x68</size>
         <input_file_ref idref="fl-c6"/>
      </object_component>
      <object_component id="oc-15">
         <name>.text:decompress:lzss:__TI_decompress_lzss</name>
         <load_address>0x4860</load_address>
         <run_address>0x4860</run_address>
         <size>0x68</size>
         <input_file_ref idref="fl-ca"/>
      </object_component>
      <object_component id="oc-321">
         <name>.text:frexp</name>
         <load_address>0x48c8</load_address>
         <run_address>0x48c8</run_address>
         <size>0x64</size>
         <input_file_ref idref="fl-d3"/>
      </object_component>
      <object_component id="oc-254">
         <name>.text:_pconv_f</name>
         <load_address>0x492c</load_address>
         <run_address>0x492c</run_address>
         <size>0x56</size>
         <input_file_ref idref="fl-d1"/>
      </object_component>
      <object_component id="oc-2fb">
         <name>.text:__TI_ltoa</name>
         <load_address>0x4982</load_address>
         <run_address>0x4982</run_address>
         <size>0x54</size>
         <input_file_ref idref="fl-e4"/>
      </object_component>
      <object_component id="oc-306">
         <name>.text:_ecpy</name>
         <load_address>0x49d6</load_address>
         <run_address>0x49d6</run_address>
         <size>0x52</size>
         <input_file_ref idref="fl-d1"/>
      </object_component>
      <object_component id="oc-20f">
         <name>.text:atoi</name>
         <load_address>0x4a28</load_address>
         <run_address>0x4a28</run_address>
         <size>0x4c</size>
         <input_file_ref idref="fl-e6"/>
      </object_component>
      <object_component id="oc-bf">
         <name>.text:snprintf</name>
         <load_address>0x4a74</load_address>
         <run_address>0x4a74</run_address>
         <size>0x4c</size>
         <input_file_ref idref="fl-c4"/>
      </object_component>
      <object_component id="oc-2f6">
         <name>.text</name>
         <load_address>0x4ac0</load_address>
         <run_address>0x4ac0</run_address>
         <size>0x48</size>
         <input_file_ref idref="fl-da"/>
      </object_component>
      <object_component id="oc-1ad">
         <name>.text:__TI_auto_init_nobinit_nopinit:__TI_auto_init_nobinit_nopinit</name>
         <load_address>0x4b08</load_address>
         <run_address>0x4b08</run_address>
         <size>0x44</size>
         <input_file_ref idref="fl-df"/>
      </object_component>
      <object_component id="oc-c5">
         <name>.text:sprintf</name>
         <load_address>0x4b4c</load_address>
         <run_address>0x4b4c</run_address>
         <size>0x40</size>
         <input_file_ref idref="fl-c5"/>
      </object_component>
      <object_component id="oc-ad">
         <name>.text:strtok</name>
         <load_address>0x4b8c</load_address>
         <run_address>0x4b8c</run_address>
         <size>0x40</size>
         <input_file_ref idref="fl-ce"/>
      </object_component>
      <object_component id="oc-319">
         <name>.text:_fcpy</name>
         <load_address>0x4bcc</load_address>
         <run_address>0x4bcc</run_address>
         <size>0x3e</size>
         <input_file_ref idref="fl-d1"/>
      </object_component>
      <object_component id="oc-86">
         <name>.text:sscanf</name>
         <load_address>0x4c0c</load_address>
         <run_address>0x4c0c</run_address>
         <size>0x38</size>
         <input_file_ref idref="fl-c6"/>
      </object_component>
      <object_component id="oc-5f">
         <name>.text:_c_int00_noargs:_c_int00_noargs</name>
         <load_address>0x4c44</load_address>
         <run_address>0x4c44</run_address>
         <size>0x34</size>
         <input_file_ref idref="fl-d0"/>
      </object_component>
      <object_component id="oc-16b">
         <name>.text:_outs</name>
         <load_address>0x4c78</load_address>
         <run_address>0x4c78</run_address>
         <size>0x30</size>
         <input_file_ref idref="fl-c4"/>
      </object_component>
      <object_component id="oc-301">
         <name>.text</name>
         <load_address>0x4ca8</load_address>
         <run_address>0x4ca8</run_address>
         <size>0x2e</size>
         <input_file_ref idref="fl-dc"/>
      </object_component>
      <object_component id="oc-14b">
         <name>.text:strspn</name>
         <load_address>0x4cd6</load_address>
         <run_address>0x4cd6</run_address>
         <size>0x2a</size>
         <input_file_ref idref="fl-ec"/>
      </object_component>
      <object_component id="oc-151">
         <name>.text:strcspn</name>
         <load_address>0x4d00</load_address>
         <run_address>0x4d00</run_address>
         <size>0x24</size>
         <input_file_ref idref="fl-ea"/>
      </object_component>
      <object_component id="oc-98">
         <name>.text</name>
         <load_address>0x4d24</load_address>
         <run_address>0x4d24</run_address>
         <size>0x20</size>
         <input_file_ref idref="fl-a"/>
      </object_component>
      <object_component id="oc-4d">
         <name>.text:decompress:ZI:__TI_zero_init_nomemset:__TI_zero_init_nomemset</name>
         <load_address>0x4d44</load_address>
         <run_address>0x4d44</run_address>
         <size>0x1c</size>
         <input_file_ref idref="fl-c8"/>
      </object_component>
      <object_component id="oc-266">
         <name>.text:memccpy</name>
         <load_address>0x4d60</load_address>
         <run_address>0x4d60</run_address>
         <size>0x1c</size>
         <input_file_ref idref="fl-e7"/>
      </object_component>
      <object_component id="oc-36e">
         <name>.text:copysign</name>
         <load_address>0x4d7c</load_address>
         <run_address>0x4d7c</run_address>
         <size>0x1a</size>
         <input_file_ref idref="fl-f3"/>
      </object_component>
      <object_component id="oc-171">
         <name>.text:_outc</name>
         <load_address>0x4d96</load_address>
         <run_address>0x4d96</run_address>
         <size>0x18</size>
         <input_file_ref idref="fl-c4"/>
      </object_component>
      <object_component id="oc-183">
         <name>.text:_outs</name>
         <load_address>0x4dae</load_address>
         <run_address>0x4dae</run_address>
         <size>0x18</size>
         <input_file_ref idref="fl-c5"/>
      </object_component>
      <object_component id="oc-2b0">
         <name>.text</name>
         <load_address>0x4dc6</load_address>
         <run_address>0x4dc6</run_address>
         <size>0x18</size>
         <input_file_ref idref="fl-f5"/>
      </object_component>
      <object_component id="oc-b3">
         <name>.text:strcmp</name>
         <load_address>0x4dde</load_address>
         <run_address>0x4dde</run_address>
         <size>0x18</size>
         <input_file_ref idref="fl-cc"/>
      </object_component>
      <object_component id="oc-215">
         <name>.text:strrchr</name>
         <load_address>0x4df6</load_address>
         <run_address>0x4df6</run_address>
         <size>0x18</size>
         <input_file_ref idref="fl-eb"/>
      </object_component>
      <object_component id="oc-21b">
         <name>.text:strchr</name>
         <load_address>0x4e0e</load_address>
         <run_address>0x4e0e</run_address>
         <size>0x16</size>
         <input_file_ref idref="fl-e8"/>
      </object_component>
      <object_component id="oc-1e6">
         <name>.text:strcpy</name>
         <load_address>0x4e24</load_address>
         <run_address>0x4e24</run_address>
         <size>0x14</size>
         <input_file_ref idref="fl-e9"/>
      </object_component>
      <object_component id="oc-b9">
         <name>.text:strlen</name>
         <load_address>0x4e38</load_address>
         <run_address>0x4e38</run_address>
         <size>0x14</size>
         <input_file_ref idref="fl-cd"/>
      </object_component>
      <object_component id="oc-118">
         <name>.text:_inpchar</name>
         <load_address>0x4e4c</load_address>
         <run_address>0x4e4c</run_address>
         <size>0x12</size>
         <input_file_ref idref="fl-c6"/>
      </object_component>
      <object_component id="oc-26c">
         <name>.text:wcslen</name>
         <load_address>0x4e5e</load_address>
         <run_address>0x4e5e</run_address>
         <size>0x12</size>
         <input_file_ref idref="fl-d5"/>
      </object_component>
      <object_component id="oc-74">
         <name>.text</name>
         <load_address>0x4e70</load_address>
         <run_address>0x4e70</run_address>
         <size>0x10</size>
         <input_file_ref idref="fl-3"/>
      </object_component>
      <object_component id="oc-80">
         <name>.text:tolower</name>
         <load_address>0x4e80</load_address>
         <run_address>0x4e80</run_address>
         <size>0x10</size>
         <input_file_ref idref="fl-cf"/>
      </object_component>
      <object_component id="oc-1b">
         <name>.text:decompress:none:__TI_decompress_none</name>
         <load_address>0x4e90</load_address>
         <run_address>0x4e90</run_address>
         <size>0xe</size>
         <input_file_ref idref="fl-c9"/>
      </object_component>
      <object_component id="oc-27">
         <name>.text</name>
         <load_address>0x4e9e</load_address>
         <run_address>0x4e9e</run_address>
         <size>0xc</size>
         <input_file_ref idref="fl-8"/>
      </object_component>
      <object_component id="oc-189">
         <name>.text:_outc</name>
         <load_address>0x4eaa</load_address>
         <run_address>0x4eaa</run_address>
         <size>0xa</size>
         <input_file_ref idref="fl-c5"/>
      </object_component>
      <object_component id="oc-272">
         <name>.text:__aeabi_errno_addr</name>
         <load_address>0x4eb4</load_address>
         <run_address>0x4eb4</run_address>
         <size>0x8</size>
         <input_file_ref idref="fl-f2"/>
      </object_component>
      <object_component id="oc-11e">
         <name>.text:_uninpchar</name>
         <load_address>0x4ebc</load_address>
         <run_address>0x4ebc</run_address>
         <size>0x8</size>
         <input_file_ref idref="fl-c6"/>
      </object_component>
      <object_component id="oc-f8">
         <name>.text:_system_pre_init</name>
         <load_address>0x4ec4</load_address>
         <run_address>0x4ec4</run_address>
         <size>0x4</size>
         <input_file_ref idref="fl-e0"/>
      </object_component>
      <object_component id="oc-1a1">
         <name>.text:abort:abort</name>
         <load_address>0x4ec8</load_address>
         <run_address>0x4ec8</run_address>
         <size>0x4</size>
         <input_file_ref idref="fl-e2"/>
      </object_component>
      <object_component id="oc-10d">
         <name>.const:.string:_ctypes_</name>
         <load_address>0x4ed0</load_address>
         <run_address>0x4ed0</run_address>
         <size>0x101</size>
         <input_file_ref idref="fl-cb"/>
      </object_component>
      <object_component id="oc-2d3">
         <name>.const:$O1$$</name>
         <load_address>0x4fd8</load_address>
         <run_address>0x4fd8</run_address>
         <size>0xc8</size>
         <input_file_ref idref="fl-ed"/>
      </object_component>
      <object_component id="oc-221">
         <name>.const:$O1$$</name>
         <load_address>0x50a0</load_address>
         <run_address>0x50a0</run_address>
         <size>0x10</size>
         <input_file_ref idref="fl-d2"/>
      </object_component>
      <object_component id="oc-3eb">
         <name>__TI_handler_table</name>
         <load_address>0x50b0</load_address>
         <run_address>0x50b0</run_address>
         <size>0xc</size>
      </object_component>
      <object_component id="oc-3ee">
         <name>.cinit..bss.load</name>
         <load_address>0x50c0</load_address>
         <run_address>0x50c0</run_address>
         <size>0x8</size>
      </object_component>
      <object_component id="oc-3ed">
         <name>.cinit..data.load</name>
         <load_address>0x50c8</load_address>
         <run_address>0x50c8</run_address>
         <size>0x7</size>
      </object_component>
      <object_component id="oc-3ec">
         <name>__TI_cinit_table</name>
         <load_address>0x50d0</load_address>
         <run_address>0x50d0</run_address>
         <size>0x10</size>
      </object_component>
      <object_component id="oc-157">
         <name>.data</name>
         <load_address>0x20001004</load_address>
         <run_address>0x20001004</run_address>
         <size>0x4</size>
         <input_file_ref idref="fl-ce"/>
      </object_component>
      <object_component id="oc-331">
         <name>.data</name>
         <load_address>0x20001000</load_address>
         <run_address>0x20001000</run_address>
         <size>0x4</size>
         <input_file_ref idref="fl-f2"/>
      </object_component>
      <object_component id="oc-a4">
         <name>.common:INTCAPregValue</name>
         <uninitialized>true</uninitialized>
         <run_address>0x20001008</run_address>
         <size>0x1</size>
      </object_component>
      <object_component id="oc-24">
         <name>.stack</name>
         <uninitialized>true</uninitialized>
         <run_address>0x20000000</run_address>
         <size>0x4</size>
         <input_file_ref idref="fl-d0"/>
      </object_component>
      <object_component id="oc-3f0">
         <name>.stack</name>
         <uninitialized>true</uninitialized>
         <run_address>0x20000000</run_address>
         <size>0x0</size>
      </object_component>
      <object_component id="oc-a5">
         <name>.debug_info</name>
         <load_address>0x0</load_address>
         <run_address>0x0</run_address>
         <size>0x83a</size>
         <input_file_ref idref="fl-2"/>
      </object_component>
      <object_component id="oc-2e">
         <name>.debug_info</name>
         <load_address>0x83a</load_address>
         <run_address>0x83a</run_address>
         <size>0x98f</size>
         <input_file_ref idref="fl-2"/>
      </object_component>
      <object_component id="oc-d8">
         <name>.debug_info</name>
         <load_address>0x11c9</load_address>
         <run_address>0x11c9</run_address>
         <size>0x26b</size>
         <input_file_ref idref="fl-2"/>
      </object_component>
      <object_component id="oc-137">
         <name>.debug_info</name>
         <load_address>0x1434</load_address>
         <run_address>0x1434</run_address>
         <size>0x88</size>
         <input_file_ref idref="fl-2"/>
      </object_component>
      <object_component id="oc-cc">
         <name>.debug_info</name>
         <load_address>0x14bc</load_address>
         <run_address>0x14bc</run_address>
         <size>0x8b</size>
         <input_file_ref idref="fl-2"/>
      </object_component>
      <object_component id="oc-191">
         <name>.debug_info</name>
         <load_address>0x1547</load_address>
         <run_address>0x1547</run_address>
         <size>0x2a4</size>
         <input_file_ref idref="fl-2"/>
      </object_component>
      <object_component id="oc-d1">
         <name>.debug_info</name>
         <load_address>0x17eb</load_address>
         <run_address>0x17eb</run_address>
         <size>0xbb</size>
         <input_file_ref idref="fl-2"/>
      </object_component>
      <object_component id="oc-144">
         <name>.debug_info</name>
         <load_address>0x18a6</load_address>
         <run_address>0x18a6</run_address>
         <size>0xcc</size>
         <input_file_ref idref="fl-2"/>
      </object_component>
      <object_component id="oc-12c">
         <name>.debug_info</name>
         <load_address>0x1972</load_address>
         <run_address>0x1972</run_address>
         <size>0x2c</size>
         <input_file_ref idref="fl-2"/>
      </object_component>
      <object_component id="oc-13f">
         <name>.debug_info</name>
         <load_address>0x199e</load_address>
         <run_address>0x199e</run_address>
         <size>0x35</size>
         <input_file_ref idref="fl-2"/>
      </object_component>
      <object_component id="oc-77">
         <name>.debug_info</name>
         <load_address>0x19d3</load_address>
         <run_address>0x19d3</run_address>
         <size>0x12f</size>
         <input_file_ref idref="fl-3"/>
      </object_component>
      <object_component id="oc-3c">
         <name>.debug_info</name>
         <load_address>0x1b02</load_address>
         <run_address>0x1b02</run_address>
         <size>0x84</size>
         <input_file_ref idref="fl-3"/>
      </object_component>
      <object_component id="oc-13c">
         <name>.debug_info</name>
         <load_address>0x1b86</load_address>
         <run_address>0x1b86</run_address>
         <size>0x277</size>
         <input_file_ref idref="fl-4"/>
      </object_component>
      <object_component id="oc-a1">
         <name>.debug_info</name>
         <load_address>0x1dfd</load_address>
         <run_address>0x1dfd</run_address>
         <size>0x105d</size>
         <input_file_ref idref="fl-4"/>
      </object_component>
      <object_component id="oc-132">
         <name>.debug_info</name>
         <load_address>0x2e5a</load_address>
         <run_address>0x2e5a</run_address>
         <size>0x372</size>
         <input_file_ref idref="fl-5"/>
      </object_component>
      <object_component id="oc-8e">
         <name>.debug_info</name>
         <load_address>0x31cc</load_address>
         <run_address>0x31cc</run_address>
         <size>0x663</size>
         <input_file_ref idref="fl-5"/>
      </object_component>
      <object_component id="oc-134">
         <name>.debug_info</name>
         <load_address>0x382f</load_address>
         <run_address>0x382f</run_address>
         <size>0x2ff</size>
         <input_file_ref idref="fl-6"/>
      </object_component>
      <object_component id="oc-96">
         <name>.debug_info</name>
         <load_address>0x3b2e</load_address>
         <run_address>0x3b2e</run_address>
         <size>0x412</size>
         <input_file_ref idref="fl-6"/>
      </object_component>
      <object_component id="oc-14a">
         <name>.debug_info</name>
         <load_address>0x3f40</load_address>
         <run_address>0x3f40</run_address>
         <size>0x27c</size>
         <input_file_ref idref="fl-7"/>
      </object_component>
      <object_component id="oc-aa">
         <name>.debug_info</name>
         <load_address>0x41bc</load_address>
         <run_address>0x41bc</run_address>
         <size>0x318</size>
         <input_file_ref idref="fl-7"/>
      </object_component>
      <object_component id="oc-35">
         <name>.debug_info</name>
         <load_address>0x44d4</load_address>
         <run_address>0x44d4</run_address>
         <size>0x2dd</size>
         <input_file_ref idref="fl-8"/>
      </object_component>
      <object_component id="oc-13">
         <name>.debug_info</name>
         <load_address>0x47b1</load_address>
         <run_address>0x47b1</run_address>
         <size>0x102</size>
         <input_file_ref idref="fl-8"/>
      </object_component>
      <object_component id="oc-29">
         <name>.debug_info</name>
         <load_address>0x48b3</load_address>
         <run_address>0x48b3</run_address>
         <size>0x27e</size>
         <input_file_ref idref="fl-8"/>
      </object_component>
      <object_component id="oc-10c">
         <name>.debug_info</name>
         <load_address>0x4b31</load_address>
         <run_address>0x4b31</run_address>
         <size>0x362</size>
         <input_file_ref idref="fl-9"/>
      </object_component>
      <object_component id="oc-7c">
         <name>.debug_info</name>
         <load_address>0x4e93</load_address>
         <run_address>0x4e93</run_address>
         <size>0x3db</size>
         <input_file_ref idref="fl-9"/>
      </object_component>
      <object_component id="oc-9b">
         <name>.debug_info</name>
         <load_address>0x526e</load_address>
         <run_address>0x526e</run_address>
         <size>0x139</size>
         <input_file_ref idref="fl-a"/>
      </object_component>
      <object_component id="oc-178">
         <name>.debug_info</name>
         <load_address>0x53a7</load_address>
         <run_address>0x53a7</run_address>
         <size>0x33a</size>
         <input_file_ref idref="fl-c4"/>
      </object_component>
      <object_component id="oc-c2">
         <name>.debug_info</name>
         <load_address>0x56e1</load_address>
         <run_address>0x56e1</run_address>
         <size>0x1ee</size>
         <input_file_ref idref="fl-c4"/>
      </object_component>
      <object_component id="oc-16c">
         <name>.debug_info</name>
         <load_address>0x58cf</load_address>
         <run_address>0x58cf</run_address>
         <size>0x1c3</size>
         <input_file_ref idref="fl-c4"/>
      </object_component>
      <object_component id="oc-174">
         <name>.debug_info</name>
         <load_address>0x5a92</load_address>
         <run_address>0x5a92</run_address>
         <size>0x176</size>
         <input_file_ref idref="fl-c4"/>
      </object_component>
      <object_component id="oc-179">
         <name>.debug_info</name>
         <load_address>0x5c08</load_address>
         <run_address>0x5c08</run_address>
         <size>0x2c</size>
         <input_file_ref idref="fl-c4"/>
      </object_component>
      <object_component id="oc-17e">
         <name>.debug_info</name>
         <load_address>0x5c34</load_address>
         <run_address>0x5c34</run_address>
         <size>0x69</size>
         <input_file_ref idref="fl-c4"/>
      </object_component>
      <object_component id="oc-190">
         <name>.debug_info</name>
         <load_address>0x5c9d</load_address>
         <run_address>0x5c9d</run_address>
         <size>0x333</size>
         <input_file_ref idref="fl-c5"/>
      </object_component>
      <object_component id="oc-c8">
         <name>.debug_info</name>
         <load_address>0x5fd0</load_address>
         <run_address>0x5fd0</run_address>
         <size>0x1d1</size>
         <input_file_ref idref="fl-c5"/>
      </object_component>
      <object_component id="oc-186">
         <name>.debug_info</name>
         <load_address>0x61a1</load_address>
         <run_address>0x61a1</run_address>
         <size>0x18d</size>
         <input_file_ref idref="fl-c5"/>
      </object_component>
      <object_component id="oc-18d">
         <name>.debug_info</name>
         <load_address>0x632e</load_address>
         <run_address>0x632e</run_address>
         <size>0x16d</size>
         <input_file_ref idref="fl-c5"/>
      </object_component>
      <object_component id="oc-12b">
         <name>.debug_info</name>
         <load_address>0x649b</load_address>
         <run_address>0x649b</run_address>
         <size>0x37a</size>
         <input_file_ref idref="fl-c6"/>
      </object_component>
      <object_component id="oc-88">
         <name>.debug_info</name>
         <load_address>0x6815</load_address>
         <run_address>0x6815</run_address>
         <size>0x17e</size>
         <input_file_ref idref="fl-c6"/>
      </object_component>
      <object_component id="oc-120">
         <name>.debug_info</name>
         <load_address>0x6993</load_address>
         <run_address>0x6993</run_address>
         <size>0x171</size>
         <input_file_ref idref="fl-c6"/>
      </object_component>
      <object_component id="oc-11b">
         <name>.debug_info</name>
         <load_address>0x6b04</load_address>
         <run_address>0x6b04</run_address>
         <size>0x17e</size>
         <input_file_ref idref="fl-c6"/>
      </object_component>
      <object_component id="oc-126">
         <name>.debug_info</name>
         <load_address>0x6c82</load_address>
         <run_address>0x6c82</run_address>
         <size>0x1de</size>
         <input_file_ref idref="fl-c6"/>
      </object_component>
      <object_component id="oc-42">
         <name>.debug_info</name>
         <load_address>0x6e60</load_address>
         <run_address>0x6e60</run_address>
         <size>0x119</size>
         <input_file_ref idref="fl-c7"/>
      </object_component>
      <object_component id="oc-f1">
         <name>.debug_info</name>
         <load_address>0x6f79</load_address>
         <run_address>0x6f79</run_address>
         <size>0x2d4</size>
         <input_file_ref idref="fl-c8"/>
      </object_component>
      <object_component id="oc-50">
         <name>.debug_info</name>
         <load_address>0x724d</load_address>
         <run_address>0x724d</run_address>
         <size>0x1d2</size>
         <input_file_ref idref="fl-c8"/>
      </object_component>
      <object_component id="oc-ec">
         <name>.debug_info</name>
         <load_address>0x741f</load_address>
         <run_address>0x741f</run_address>
         <size>0x46</size>
         <input_file_ref idref="fl-c8"/>
      </object_component>
      <object_component id="oc-15f">
         <name>.debug_info</name>
         <load_address>0x7465</load_address>
         <run_address>0x7465</run_address>
         <size>0x2c</size>
         <input_file_ref idref="fl-c8"/>
      </object_component>
      <object_component id="oc-4c">
         <name>.debug_info</name>
         <load_address>0x7491</load_address>
         <run_address>0x7491</run_address>
         <size>0x2a8</size>
         <input_file_ref idref="fl-c9"/>
      </object_component>
      <object_component id="oc-1e">
         <name>.debug_info</name>
         <load_address>0x7739</load_address>
         <run_address>0x7739</run_address>
         <size>0x1ea</size>
         <input_file_ref idref="fl-c9"/>
      </object_component>
      <object_component id="oc-47">
         <name>.debug_info</name>
         <load_address>0x7923</load_address>
         <run_address>0x7923</run_address>
         <size>0x46</size>
         <input_file_ref idref="fl-c9"/>
      </object_component>
      <object_component id="oc-e4">
         <name>.debug_info</name>
         <load_address>0x7969</load_address>
         <run_address>0x7969</run_address>
         <size>0x2c</size>
         <input_file_ref idref="fl-c9"/>
      </object_component>
      <object_component id="oc-e2">
         <name>.debug_info</name>
         <load_address>0x7995</load_address>
         <run_address>0x7995</run_address>
         <size>0x29e</size>
         <input_file_ref idref="fl-ca"/>
      </object_component>
      <object_component id="oc-17">
         <name>.debug_info</name>
         <load_address>0x7c33</load_address>
         <run_address>0x7c33</run_address>
         <size>0x250</size>
         <input_file_ref idref="fl-ca"/>
      </object_component>
      <object_component id="oc-37">
         <name>.debug_info</name>
         <load_address>0x7e83</load_address>
         <run_address>0x7e83</run_address>
         <size>0x60</size>
         <input_file_ref idref="fl-ca"/>
      </object_component>
      <object_component id="oc-196">
         <name>.debug_info</name>
         <load_address>0x7ee3</load_address>
         <run_address>0x7ee3</run_address>
         <size>0x46</size>
         <input_file_ref idref="fl-ca"/>
      </object_component>
      <object_component id="oc-dd">
         <name>.debug_info</name>
         <load_address>0x7f29</load_address>
         <run_address>0x7f29</run_address>
         <size>0x39</size>
         <input_file_ref idref="fl-ca"/>
      </object_component>
      <object_component id="oc-1e3">
         <name>.debug_info</name>
         <load_address>0x7f62</load_address>
         <run_address>0x7f62</run_address>
         <size>0xf9</size>
         <input_file_ref idref="fl-cb"/>
      </object_component>
      <object_component id="oc-10e">
         <name>.debug_info</name>
         <load_address>0x805b</load_address>
         <run_address>0x805b</run_address>
         <size>0x105</size>
         <input_file_ref idref="fl-cb"/>
      </object_component>
      <object_component id="oc-15d">
         <name>.debug_info</name>
         <load_address>0x8160</load_address>
         <run_address>0x8160</run_address>
         <size>0x28a</size>
         <input_file_ref idref="fl-cc"/>
      </object_component>
      <object_component id="oc-b6">
         <name>.debug_info</name>
         <load_address>0x83ea</load_address>
         <run_address>0x83ea</run_address>
         <size>0x273</size>
         <input_file_ref idref="fl-cc"/>
      </object_component>
      <object_component id="oc-164">
         <name>.debug_info</name>
         <load_address>0x865d</load_address>
         <run_address>0x865d</run_address>
         <size>0x28f</size>
         <input_file_ref idref="fl-cd"/>
      </object_component>
      <object_component id="oc-bc">
         <name>.debug_info</name>
         <load_address>0x88ec</load_address>
         <run_address>0x88ec</run_address>
         <size>0x245</size>
         <input_file_ref idref="fl-cd"/>
      </object_component>
      <object_component id="oc-15b">
         <name>.debug_info</name>
         <load_address>0x8b31</load_address>
         <run_address>0x8b31</run_address>
         <size>0x2fe</size>
         <input_file_ref idref="fl-ce"/>
      </object_component>
      <object_component id="oc-158">
         <name>.debug_info</name>
         <load_address>0x8e2f</load_address>
         <run_address>0x8e2f</run_address>
         <size>0x105</size>
         <input_file_ref idref="fl-ce"/>
      </object_component>
      <object_component id="oc-af">
         <name>.debug_info</name>
         <load_address>0x8f34</load_address>
         <run_address>0x8f34</run_address>
         <size>0x1ab</size>
         <input_file_ref idref="fl-ce"/>
      </object_component>
      <object_component id="oc-111">
         <name>.debug_info</name>
         <load_address>0x90df</load_address>
         <run_address>0x90df</run_address>
         <size>0x2b6</size>
         <input_file_ref idref="fl-cf"/>
      </object_component>
      <object_component id="oc-84">
         <name>.debug_info</name>
         <load_address>0x9395</load_address>
         <run_address>0x9395</run_address>
         <size>0x154</size>
         <input_file_ref idref="fl-cf"/>
      </object_component>
      <object_component id="oc-25">
         <name>.debug_info</name>
         <load_address>0x94e9</load_address>
         <run_address>0x94e9</run_address>
         <size>0x10b</size>
         <input_file_ref idref="fl-d0"/>
      </object_component>
      <object_component id="oc-63">
         <name>.debug_info</name>
         <load_address>0x95f4</load_address>
         <run_address>0x95f4</run_address>
         <size>0x1a9</size>
         <input_file_ref idref="fl-d0"/>
      </object_component>
      <object_component id="oc-279">
         <name>.debug_info</name>
         <load_address>0x979d</load_address>
         <run_address>0x979d</run_address>
         <size>0x590</size>
         <input_file_ref idref="fl-d1"/>
      </object_component>
      <object_component id="oc-244">
         <name>.debug_info</name>
         <load_address>0x9d2d</load_address>
         <run_address>0x9d2d</run_address>
         <size>0x21e</size>
         <input_file_ref idref="fl-d1"/>
      </object_component>
      <object_component id="oc-307">
         <name>.debug_info</name>
         <load_address>0x9f4b</load_address>
         <run_address>0x9f4b</run_address>
         <size>0x1b3</size>
         <input_file_ref idref="fl-d1"/>
      </object_component>
      <object_component id="oc-30d">
         <name>.debug_info</name>
         <load_address>0xa0fe</load_address>
         <run_address>0xa0fe</run_address>
         <size>0x21b</size>
         <input_file_ref idref="fl-d1"/>
      </object_component>
      <object_component id="oc-250">
         <name>.debug_info</name>
         <load_address>0xa319</load_address>
         <run_address>0xa319</run_address>
         <size>0x3c0</size>
         <input_file_ref idref="fl-d1"/>
      </object_component>
      <object_component id="oc-315">
         <name>.debug_info</name>
         <load_address>0xa6d9</load_address>
         <run_address>0xa6d9</run_address>
         <size>0x30a</size>
         <input_file_ref idref="fl-d1"/>
      </object_component>
      <object_component id="oc-31a">
         <name>.debug_info</name>
         <load_address>0xa9e3</load_address>
         <run_address>0xa9e3</run_address>
         <size>0x215</size>
         <input_file_ref idref="fl-d1"/>
      </object_component>
      <object_component id="oc-256">
         <name>.debug_info</name>
         <load_address>0xabf8</load_address>
         <run_address>0xabf8</run_address>
         <size>0x215</size>
         <input_file_ref idref="fl-d1"/>
      </object_component>
      <object_component id="oc-25c">
         <name>.debug_info</name>
         <load_address>0xae0d</load_address>
         <run_address>0xae0d</run_address>
         <size>0x304</size>
         <input_file_ref idref="fl-d1"/>
      </object_component>
      <object_component id="oc-262">
         <name>.debug_info</name>
         <load_address>0xb111</load_address>
         <run_address>0xb111</run_address>
         <size>0x4b5</size>
         <input_file_ref idref="fl-d1"/>
      </object_component>
      <object_component id="oc-166">
         <name>.debug_info</name>
         <load_address>0xb5c6</load_address>
         <run_address>0xb5c6</run_address>
         <size>0x5f4</size>
         <input_file_ref idref="fl-d1"/>
      </object_component>
      <object_component id="oc-27a">
         <name>.debug_info</name>
         <load_address>0xbbba</load_address>
         <run_address>0xbbba</run_address>
         <size>0x86</size>
         <input_file_ref idref="fl-d1"/>
      </object_component>
      <object_component id="oc-2e6">
         <name>.debug_info</name>
         <load_address>0xbc40</load_address>
         <run_address>0xbc40</run_address>
         <size>0x39</size>
         <input_file_ref idref="fl-d1"/>
      </object_component>
      <object_component id="oc-3a1">
         <name>.debug_info</name>
         <load_address>0xbc79</load_address>
         <run_address>0xbc79</run_address>
         <size>0xb6</size>
         <input_file_ref idref="fl-d1"/>
      </object_component>
      <object_component id="oc-338">
         <name>.debug_info</name>
         <load_address>0xbd2f</load_address>
         <run_address>0xbd2f</run_address>
         <size>0x46</size>
         <input_file_ref idref="fl-d1"/>
      </object_component>
      <object_component id="oc-27f">
         <name>.debug_info</name>
         <load_address>0xbd75</load_address>
         <run_address>0xbd75</run_address>
         <size>0x46</size>
         <input_file_ref idref="fl-d1"/>
      </object_component>
      <object_component id="oc-223">
         <name>.debug_info</name>
         <load_address>0xbdbb</load_address>
         <run_address>0xbdbb</run_address>
         <size>0x5ce</size>
         <input_file_ref idref="fl-d2"/>
      </object_component>
      <object_component id="oc-115">
         <name>.debug_info</name>
         <load_address>0xc389</load_address>
         <run_address>0xc389</run_address>
         <size>0xa45</size>
         <input_file_ref idref="fl-d2"/>
      </object_component>
      <object_component id="oc-225">
         <name>.debug_info</name>
         <load_address>0xcdce</load_address>
         <run_address>0xcdce</run_address>
         <size>0x9a</size>
         <input_file_ref idref="fl-d2"/>
      </object_component>
      <object_component id="oc-393">
         <name>.debug_info</name>
         <load_address>0xce68</load_address>
         <run_address>0xce68</run_address>
         <size>0x295</size>
         <input_file_ref idref="fl-d3"/>
      </object_component>
      <object_component id="oc-322">
         <name>.debug_info</name>
         <load_address>0xd0fd</load_address>
         <run_address>0xd0fd</run_address>
         <size>0x195</size>
         <input_file_ref idref="fl-d3"/>
      </object_component>
      <object_component id="oc-3b9">
         <name>.debug_info</name>
         <load_address>0xd292</load_address>
         <run_address>0xd292</run_address>
         <size>0x39</size>
         <input_file_ref idref="fl-d3"/>
      </object_component>
      <object_component id="oc-376">
         <name>.debug_info</name>
         <load_address>0xd2cb</load_address>
         <run_address>0xd2cb</run_address>
         <size>0x2c</size>
         <input_file_ref idref="fl-d3"/>
      </object_component>
      <object_component id="oc-375">
         <name>.debug_info</name>
         <load_address>0xd2f7</load_address>
         <run_address>0xd2f7</run_address>
         <size>0x2f8</size>
         <input_file_ref idref="fl-d4"/>
      </object_component>
      <object_component id="oc-2cf">
         <name>.debug_info</name>
         <load_address>0xd5ef</load_address>
         <run_address>0xd5ef</run_address>
         <size>0x225</size>
         <input_file_ref idref="fl-d4"/>
      </object_component>
      <object_component id="oc-330">
         <name>.debug_info</name>
         <load_address>0xd814</load_address>
         <run_address>0xd814</run_address>
         <size>0x28f</size>
         <input_file_ref idref="fl-d5"/>
      </object_component>
      <object_component id="oc-26d">
         <name>.debug_info</name>
         <load_address>0xdaa3</load_address>
         <run_address>0xdaa3</run_address>
         <size>0x15a</size>
         <input_file_ref idref="fl-d5"/>
      </object_component>
      <object_component id="oc-396">
         <name>.debug_info</name>
         <load_address>0xdbfd</load_address>
         <run_address>0xdbfd</run_address>
         <size>0x46</size>
         <input_file_ref idref="fl-d5"/>
      </object_component>
      <object_component id="oc-32b">
         <name>.debug_info</name>
         <load_address>0xdc43</load_address>
         <run_address>0xdc43</run_address>
         <size>0x39</size>
         <input_file_ref idref="fl-d5"/>
      </object_component>
      <object_component id="oc-2c5">
         <name>.debug_info</name>
         <load_address>0xdc7c</load_address>
         <run_address>0xdc7c</run_address>
         <size>0x14c</size>
         <input_file_ref idref="fl-d6"/>
      </object_component>
      <object_component id="oc-24b">
         <name>.debug_info</name>
         <load_address>0xddc8</load_address>
         <run_address>0xddc8</run_address>
         <size>0x128</size>
         <input_file_ref idref="fl-d7"/>
      </object_component>
      <object_component id="oc-2f4">
         <name>.debug_info</name>
         <load_address>0xdef0</load_address>
         <run_address>0xdef0</run_address>
         <size>0x12a</size>
         <input_file_ref idref="fl-d7"/>
      </object_component>
      <object_component id="oc-2ca">
         <name>.debug_info</name>
         <load_address>0xe01a</load_address>
         <run_address>0xe01a</run_address>
         <size>0x13a</size>
         <input_file_ref idref="fl-d8"/>
      </object_component>
      <object_component id="oc-2bf">
         <name>.debug_info</name>
         <load_address>0xe154</load_address>
         <run_address>0xe154</run_address>
         <size>0x13a</size>
         <input_file_ref idref="fl-d9"/>
      </object_component>
      <object_component id="oc-2f7">
         <name>.debug_info</name>
         <load_address>0xe28e</load_address>
         <run_address>0xe28e</run_address>
         <size>0x12e</size>
         <input_file_ref idref="fl-da"/>
      </object_component>
      <object_component id="oc-200">
         <name>.debug_info</name>
         <load_address>0xe3bc</load_address>
         <run_address>0xe3bc</run_address>
         <size>0x13e</size>
         <input_file_ref idref="fl-db"/>
      </object_component>
      <object_component id="oc-302">
         <name>.debug_info</name>
         <load_address>0xe4fa</load_address>
         <run_address>0xe4fa</run_address>
         <size>0x12c</size>
         <input_file_ref idref="fl-dc"/>
      </object_component>
      <object_component id="oc-2b7">
         <name>.debug_info</name>
         <load_address>0xe626</load_address>
         <run_address>0xe626</run_address>
         <size>0x134</size>
         <input_file_ref idref="fl-dd"/>
      </object_component>
      <object_component id="oc-f5">
         <name>.debug_info</name>
         <load_address>0xe75a</load_address>
         <run_address>0xe75a</run_address>
         <size>0x147</size>
         <input_file_ref idref="fl-de"/>
      </object_component>
      <object_component id="oc-297">
         <name>.debug_info</name>
         <load_address>0xe8a1</load_address>
         <run_address>0xe8a1</run_address>
         <size>0x4b3</size>
         <input_file_ref idref="fl-df"/>
      </object_component>
      <object_component id="oc-1ae">
         <name>.debug_info</name>
         <load_address>0xed54</load_address>
         <run_address>0xed54</run_address>
         <size>0x1a6</size>
         <input_file_ref idref="fl-df"/>
      </object_component>
      <object_component id="oc-34d">
         <name>.debug_info</name>
         <load_address>0xeefa</load_address>
         <run_address>0xeefa</run_address>
         <size>0x39</size>
         <input_file_ref idref="fl-df"/>
      </object_component>
      <object_component id="oc-3a9">
         <name>.debug_info</name>
         <load_address>0xef33</load_address>
         <run_address>0xef33</run_address>
         <size>0x39</size>
         <input_file_ref idref="fl-df"/>
      </object_component>
      <object_component id="oc-352">
         <name>.debug_info</name>
         <load_address>0xef6c</load_address>
         <run_address>0xef6c</run_address>
         <size>0x39</size>
         <input_file_ref idref="fl-df"/>
      </object_component>
      <object_component id="oc-357">
         <name>.debug_info</name>
         <load_address>0xefa5</load_address>
         <run_address>0xefa5</run_address>
         <size>0xcd</size>
         <input_file_ref idref="fl-df"/>
      </object_component>
      <object_component id="oc-fa">
         <name>.debug_info</name>
         <load_address>0xf072</load_address>
         <run_address>0xf072</run_address>
         <size>0x153</size>
         <input_file_ref idref="fl-e0"/>
      </object_component>
      <object_component id="oc-1a2">
         <name>.debug_info</name>
         <load_address>0xf1c5</load_address>
         <run_address>0xf1c5</run_address>
         <size>0x122</size>
         <input_file_ref idref="fl-e2"/>
      </object_component>
      <object_component id="oc-38c">
         <name>.debug_info</name>
         <load_address>0xf2e7</load_address>
         <run_address>0xf2e7</run_address>
         <size>0x29c</size>
         <input_file_ref idref="fl-e4"/>
      </object_component>
      <object_component id="oc-2fe">
         <name>.debug_info</name>
         <load_address>0xf583</load_address>
         <run_address>0xf583</run_address>
         <size>0x1da</size>
         <input_file_ref idref="fl-e4"/>
      </object_component>
      <object_component id="oc-2df">
         <name>.debug_info</name>
         <load_address>0xf75d</load_address>
         <run_address>0xf75d</run_address>
         <size>0x2b9</size>
         <input_file_ref idref="fl-e6"/>
      </object_component>
      <object_component id="oc-212">
         <name>.debug_info</name>
         <load_address>0xfa16</load_address>
         <run_address>0xfa16</run_address>
         <size>0x17c</size>
         <input_file_ref idref="fl-e6"/>
      </object_component>
      <object_component id="oc-329">
         <name>.debug_info</name>
         <load_address>0xfb92</load_address>
         <run_address>0xfb92</run_address>
         <size>0x2a7</size>
         <input_file_ref idref="fl-e7"/>
      </object_component>
      <object_component id="oc-267">
         <name>.debug_info</name>
         <load_address>0xfe39</load_address>
         <run_address>0xfe39</run_address>
         <size>0x1b8</size>
         <input_file_ref idref="fl-e7"/>
      </object_component>
      <object_component id="oc-2e3">
         <name>.debug_info</name>
         <load_address>0xfff1</load_address>
         <run_address>0xfff1</run_address>
         <size>0x29a</size>
         <input_file_ref idref="fl-e8"/>
      </object_component>
      <object_component id="oc-21c">
         <name>.debug_info</name>
         <load_address>0x1028b</load_address>
         <run_address>0x1028b</run_address>
         <size>0x262</size>
         <input_file_ref idref="fl-e8"/>
      </object_component>
      <object_component id="oc-2af">
         <name>.debug_info</name>
         <load_address>0x104ed</load_address>
         <run_address>0x104ed</run_address>
         <size>0x2a4</size>
         <input_file_ref idref="fl-e9"/>
      </object_component>
      <object_component id="oc-1e8">
         <name>.debug_info</name>
         <load_address>0x10791</load_address>
         <run_address>0x10791</run_address>
         <size>0x24d</size>
         <input_file_ref idref="fl-e9"/>
      </object_component>
      <object_component id="oc-23a">
         <name>.debug_info</name>
         <load_address>0x109de</load_address>
         <run_address>0x109de</run_address>
         <size>0x290</size>
         <input_file_ref idref="fl-ea"/>
      </object_component>
      <object_component id="oc-152">
         <name>.debug_info</name>
         <load_address>0x10c6e</load_address>
         <run_address>0x10c6e</run_address>
         <size>0x198</size>
         <input_file_ref idref="fl-ea"/>
      </object_component>
      <object_component id="oc-2e1">
         <name>.debug_info</name>
         <load_address>0x10e06</load_address>
         <run_address>0x10e06</run_address>
         <size>0x296</size>
         <input_file_ref idref="fl-eb"/>
      </object_component>
      <object_component id="oc-216">
         <name>.debug_info</name>
         <load_address>0x1109c</load_address>
         <run_address>0x1109c</run_address>
         <size>0x265</size>
         <input_file_ref idref="fl-eb"/>
      </object_component>
      <object_component id="oc-238">
         <name>.debug_info</name>
         <load_address>0x11301</load_address>
         <run_address>0x11301</run_address>
         <size>0x295</size>
         <input_file_ref idref="fl-ec"/>
      </object_component>
      <object_component id="oc-14d">
         <name>.debug_info</name>
         <load_address>0x11596</load_address>
         <run_address>0x11596</run_address>
         <size>0x1c3</size>
         <input_file_ref idref="fl-ec"/>
      </object_component>
      <object_component id="oc-2d7">
         <name>.debug_info</name>
         <load_address>0x11759</load_address>
         <run_address>0x11759</run_address>
         <size>0x3b1</size>
         <input_file_ref idref="fl-ed"/>
      </object_component>
      <object_component id="oc-2d4">
         <name>.debug_info</name>
         <load_address>0x11b0a</load_address>
         <run_address>0x11b0a</run_address>
         <size>0x123</size>
         <input_file_ref idref="fl-ed"/>
      </object_component>
      <object_component id="oc-1f9">
         <name>.debug_info</name>
         <load_address>0x11c2d</load_address>
         <run_address>0x11c2d</run_address>
         <size>0x4e0</size>
         <input_file_ref idref="fl-ed"/>
      </object_component>
      <object_component id="oc-2db">
         <name>.debug_info</name>
         <load_address>0x1210d</load_address>
         <run_address>0x1210d</run_address>
         <size>0x321</size>
         <input_file_ref idref="fl-ee"/>
      </object_component>
      <object_component id="oc-206">
         <name>.debug_info</name>
         <load_address>0x1242e</load_address>
         <run_address>0x1242e</run_address>
         <size>0x28b</size>
         <input_file_ref idref="fl-ee"/>
      </object_component>
      <object_component id="oc-2dd">
         <name>.debug_info</name>
         <load_address>0x126b9</load_address>
         <run_address>0x126b9</run_address>
         <size>0x322</size>
         <input_file_ref idref="fl-ef"/>
      </object_component>
      <object_component id="oc-20b">
         <name>.debug_info</name>
         <load_address>0x129db</load_address>
         <run_address>0x129db</run_address>
         <size>0x2cf</size>
         <input_file_ref idref="fl-ef"/>
      </object_component>
      <object_component id="oc-2bd">
         <name>.debug_info</name>
         <load_address>0x12caa</load_address>
         <run_address>0x12caa</run_address>
         <size>0x322</size>
         <input_file_ref idref="fl-f0"/>
      </object_component>
      <object_component id="oc-1f4">
         <name>.debug_info</name>
         <load_address>0x12fcc</load_address>
         <run_address>0x12fcc</run_address>
         <size>0x231</size>
         <input_file_ref idref="fl-f0"/>
      </object_component>
      <object_component id="oc-2bb">
         <name>.debug_info</name>
         <load_address>0x131fd</load_address>
         <run_address>0x131fd</run_address>
         <size>0x323</size>
         <input_file_ref idref="fl-f1"/>
      </object_component>
      <object_component id="oc-1ed">
         <name>.debug_info</name>
         <load_address>0x13520</load_address>
         <run_address>0x13520</run_address>
         <size>0x254</size>
         <input_file_ref idref="fl-f1"/>
      </object_component>
      <object_component id="oc-335">
         <name>.debug_info</name>
         <load_address>0x13774</load_address>
         <run_address>0x13774</run_address>
         <size>0x289</size>
         <input_file_ref idref="fl-f2"/>
      </object_component>
      <object_component id="oc-332">
         <name>.debug_info</name>
         <load_address>0x139fd</load_address>
         <run_address>0x139fd</run_address>
         <size>0x10e</size>
         <input_file_ref idref="fl-f2"/>
      </object_component>
      <object_component id="oc-274">
         <name>.debug_info</name>
         <load_address>0x13b0b</load_address>
         <run_address>0x13b0b</run_address>
         <size>0x14e</size>
         <input_file_ref idref="fl-f2"/>
      </object_component>
      <object_component id="oc-370">
         <name>.debug_info</name>
         <load_address>0x13c59</load_address>
         <run_address>0x13c59</run_address>
         <size>0x161</size>
         <input_file_ref idref="fl-f3"/>
      </object_component>
      <object_component id="oc-362">
         <name>.debug_info</name>
         <load_address>0x13dba</load_address>
         <run_address>0x13dba</run_address>
         <size>0x115</size>
         <input_file_ref idref="fl-f4"/>
      </object_component>
      <object_component id="oc-2b1">
         <name>.debug_info</name>
         <load_address>0x13ecf</load_address>
         <run_address>0x13ecf</run_address>
         <size>0x122</size>
         <input_file_ref idref="fl-f5"/>
      </object_component>
      <object_component id="oc-3f1">
         <name>.debug_info</name>
         <load_address>0x13ff1</load_address>
         <run_address>0x13ff1</run_address>
         <size>0xb5</size>
      </object_component>
      <object_component id="oc-13e">
         <name>.debug_line</name>
         <load_address>0x0</load_address>
         <run_address>0x0</run_address>
         <size>0x175</size>
         <input_file_ref idref="fl-2"/>
      </object_component>
      <object_component id="oc-31">
         <name>.debug_line</name>
         <load_address>0x175</load_address>
         <run_address>0x175</run_address>
         <size>0x224</size>
         <input_file_ref idref="fl-2"/>
      </object_component>
      <object_component id="oc-db">
         <name>.debug_line</name>
         <load_address>0x399</load_address>
         <run_address>0x399</run_address>
         <size>0x6f</size>
         <input_file_ref idref="fl-2"/>
      </object_component>
      <object_component id="oc-13a">
         <name>.debug_line</name>
         <load_address>0x408</load_address>
         <run_address>0x408</run_address>
         <size>0x2d</size>
         <input_file_ref idref="fl-2"/>
      </object_component>
      <object_component id="oc-cf">
         <name>.debug_line</name>
         <load_address>0x435</load_address>
         <run_address>0x435</run_address>
         <size>0x20</size>
         <input_file_ref idref="fl-2"/>
      </object_component>
      <object_component id="oc-194">
         <name>.debug_line</name>
         <load_address>0x455</load_address>
         <run_address>0x455</run_address>
         <size>0x73</size>
         <input_file_ref idref="fl-2"/>
      </object_component>
      <object_component id="oc-d4">
         <name>.debug_line</name>
         <load_address>0x4c8</load_address>
         <run_address>0x4c8</run_address>
         <size>0x70</size>
         <input_file_ref idref="fl-2"/>
      </object_component>
      <object_component id="oc-147">
         <name>.debug_line</name>
         <load_address>0x538</load_address>
         <run_address>0x538</run_address>
         <size>0x6a</size>
         <input_file_ref idref="fl-2"/>
      </object_component>
      <object_component id="oc-12f">
         <name>.debug_line</name>
         <load_address>0x5a2</load_address>
         <run_address>0x5a2</run_address>
         <size>0x6b</size>
         <input_file_ref idref="fl-2"/>
      </object_component>
      <object_component id="oc-142">
         <name>.debug_line</name>
         <load_address>0x60d</load_address>
         <run_address>0x60d</run_address>
         <size>0x74</size>
         <input_file_ref idref="fl-2"/>
      </object_component>
      <object_component id="oc-76">
         <name>.debug_line</name>
         <load_address>0x681</load_address>
         <run_address>0x681</run_address>
         <size>0x43</size>
         <input_file_ref idref="fl-3"/>
      </object_component>
      <object_component id="oc-3f">
         <name>.debug_line</name>
         <load_address>0x6c4</load_address>
         <run_address>0x6c4</run_address>
         <size>0x20</size>
         <input_file_ref idref="fl-3"/>
      </object_component>
      <object_component id="oc-234">
         <name>.debug_line</name>
         <load_address>0x6e4</load_address>
         <run_address>0x6e4</run_address>
         <size>0x20</size>
         <input_file_ref idref="fl-4"/>
      </object_component>
      <object_component id="oc-a3">
         <name>.debug_line</name>
         <load_address>0x704</load_address>
         <run_address>0x704</run_address>
         <size>0x3b8</size>
         <input_file_ref idref="fl-4"/>
      </object_component>
      <object_component id="oc-230">
         <name>.debug_line</name>
         <load_address>0xabc</load_address>
         <run_address>0xabc</run_address>
         <size>0x2d</size>
         <input_file_ref idref="fl-5"/>
      </object_component>
      <object_component id="oc-8d">
         <name>.debug_line</name>
         <load_address>0xae9</load_address>
         <run_address>0xae9</run_address>
[...]
         <name>main</name>
         <value>0x2105</value>
         <object_component_ref idref="oc-2d"/>
      </symbol>
      <symbol id="sm-b2">
         <name>getsUart0</name>
         <value>0x1fbd</value>
         <object_component_ref idref="oc-2d"/>
      </symbol>
      <symbol id="sm-c4">
         <name>initSystemClockTo40Mhz</name>
         <value>0x4e71</value>
         <object_component_ref idref="oc-74"/>
      </symbol>
      <symbol id="sm-139">
         <name>selectPinInterruptBothEdges</name>
         <value>0x1d13</value>
         <object_component_ref idref="oc-9e"/>
      </symbol>
      <symbol id="sm-13a">
         <name>getPortValue</name>
         <value>0x1f25</value>
         <object_component_ref idref="oc-9e"/>
      </symbol>
      <symbol id="sm-13b">
         <name>selectPinAnalogInput</name>
         <value>0x19f7</value>
         <object_component_ref idref="oc-9e"/>
      </symbol>
      <symbol id="sm-13c">
         <name>clearPinInterrupt</name>
         <value>0x1e25</value>
         <object_component_ref idref="oc-9e"/>
      </symbol>
      <symbol id="sm-13d">
         <name>selectPinPushPullOutput</name>
         <value>0x190d</value>
         <object_component_ref idref="oc-9e"/>
      </symbol>
      <symbol id="sm-13e">
         <name>selectPinInterruptHighLevel</name>
         <value>0x1d69</value>
         <object_component_ref idref="oc-9e"/>
      </symbol>
      <symbol id="sm-13f">
         <name>selectPinInterruptFallingEdge</name>
         <value>0x1cc3</value>
         <object_component_ref idref="oc-9e"/>
      </symbol>
      <symbol id="sm-140">
         <name>selectPinOpenDrainOutput</name>
         <value>0x195b</value>
         <object_component_ref idref="oc-9e"/>
      </symbol>
      <symbol id="sm-141">
         <name>selectPinInterruptLowLevel</name>
         <value>0x1da3</value>
         <object_component_ref idref="oc-9e"/>
      </symbol>
      <symbol id="sm-142">
         <name>setPortValue</name>
         <value>0x1ea9</value>
         <object_component_ref idref="oc-9e"/>
      </symbol>
      <symbol id="sm-143">
         <name>enablePinInterrupt</name>
         <value>0x1ddd</value>
         <object_component_ref idref="oc-9e"/>
      </symbol>
      <symbol id="sm-144">
         <name>setPinAuxFunction</name>
         <value>0x1b61</value>
         <object_component_ref idref="oc-9e"/>
      </symbol>
      <symbol id="sm-145">
         <name>enablePort</name>
         <value>0x17d1</value>
         <object_component_ref idref="oc-9e"/>
      </symbol>
      <symbol id="sm-146">
         <name>disablePinPulldown</name>
         <value>0x1b39</value>
         <object_component_ref idref="oc-9e"/>
      </symbol>
      <symbol id="sm-147">
         <name>setPinCommitControl</name>
         <value>0x1a47</value>
         <object_component_ref idref="oc-9e"/>
      </symbol>
      <symbol id="sm-148">
         <name>disablePort</name>
         <value>0x188d</value>
         <object_component_ref idref="oc-9e"/>
      </symbol>
      <symbol id="sm-149">
         <name>disablePinInterrupt</name>
         <value>0x1e01</value>
         <object_component_ref idref="oc-9e"/>
      </symbol>
      <symbol id="sm-14a">
         <name>enablePinPullup</name>
         <value>0x1ac3</value>
         <object_component_ref idref="oc-9e"/>
      </symbol>
      <symbol id="sm-14b">
         <name>getPinValue</name>
         <value>0x1e6f</value>
         <object_component_ref idref="oc-9e"/>
      </symbol>
      <symbol id="sm-14c">
         <name>enablePinPulldown</name>
         <value>0x1b15</value>
         <object_component_ref idref="oc-9e"/>
      </symbol>
      <symbol id="sm-14d">
         <name>disablePinPullup</name>
         <value>0x1af1</value>
         <object_component_ref idref="oc-9e"/>
      </symbol>
      <symbol id="sm-14e">
         <name>selectPinDigitalInput</name>
         <value>0x19a9</value>
         <object_component_ref idref="oc-9e"/>
      </symbol>
      <symbol id="sm-14f">
         <name>selectPinInterruptRisingEdge</name>
         <value>0x1c73</value>
         <object_component_ref idref="oc-9e"/>
      </symbol>
      <symbol id="sm-150">
         <name>setPinValue</name>
         <value>0x1e49</value>
         <object_component_ref idref="oc-9e"/>
      </symbol>
      <symbol id="sm-18c">
         <name>initI2c0</name>
         <value>0x2bbd</value>
         <object_component_ref idref="oc-8c"/>
      </symbol>
      <symbol id="sm-18d">
         <name>pollI2c0Address</name>
         <value>0x2f07</value>
         <object_component_ref idref="oc-8c"/>
      </symbol>
      <symbol id="sm-18e">
         <name>writeI2c0Data</name>
         <value>0x2c17</value>
         <object_component_ref idref="oc-8c"/>
      </symbol>
      <symbol id="sm-18f">
         <name>readI2c0Registers</name>
         <value>0x2def</value>
         <object_component_ref idref="oc-8c"/>
      </symbol>
      <symbol id="sm-190">
         <name>readI2c0Data</name>
         <value>0x2c4d</value>
         <object_component_ref idref="oc-8c"/>
      </symbol>
      <symbol id="sm-191">
         <name>writeI2c0Registers</name>
         <value>0x2cd7</value>
         <object_component_ref idref="oc-8c"/>
      </symbol>
      <symbol id="sm-192">
         <name>readI2c0Register</name>
         <value>0x2d91</value>
         <object_component_ref idref="oc-8c"/>
      </symbol>
      <symbol id="sm-193">
         <name>writeI2c0Register</name>
         <value>0x2c81</value>
         <object_component_ref idref="oc-8c"/>
      </symbol>
      <symbol id="sm-194">
         <name>isI2c0Error</name>
         <value>0x2f55</value>
         <object_component_ref idref="oc-8c"/>
      </symbol>
      <symbol id="sm-1a6">
         <name>putsLcd</name>
         <value>0x3f63</value>
         <object_component_ref idref="oc-92"/>
      </symbol>
      <symbol id="sm-1a7">
         <name>initLcd</name>
         <value>0x3f41</value>
         <object_component_ref idref="oc-92"/>
      </symbol>
      <symbol id="sm-1a8">
         <name>writeTextLcdCommand</name>
         <value>0x3ea1</value>
         <object_component_ref idref="oc-92"/>
      </symbol>
      <symbol id="sm-1a9">
         <name>writeTextLcdData</name>
         <value>0x3ef1</value>
         <object_component_ref idref="oc-92"/>
      </symbol>
      <symbol id="sm-1bc">
         <name>disableNvicInterrupt</name>
         <value>0x4315</value>
         <object_component_ref idref="oc-a7"/>
      </symbol>
      <symbol id="sm-1bd">
         <name>enableNvicInterrupt</name>
         <value>0x42dd</value>
         <object_component_ref idref="oc-a7"/>
      </symbol>
      <symbol id="sm-1be">
         <name>setNvicInterruptPriority</name>
         <value>0x434d</value>
         <object_component_ref idref="oc-a7"/>
      </symbol>
      <symbol id="sm-1da">
         <name>ResetISR</name>
         <value>0x4e9f</value>
         <object_component_ref idref="oc-27"/>
      </symbol>
      <symbol id="sm-1db">
         <name>g_pfnVectors</name>
         <value>0x0</value>
         <object_component_ref idref="oc-12"/>
      </symbol>
      <symbol id="sm-1fe">
         <name>getcUart0</name>
         <value>0x3d2b</value>
         <object_component_ref idref="oc-7a"/>
      </symbol>
      <symbol id="sm-1ff">
         <name>kbhitUart0</name>
         <value>0x3d3f</value>
         <object_component_ref idref="oc-7a"/>
      </symbol>
      <symbol id="sm-200">
         <name>setUart0BaudRate</name>
         <value>0x3c9f</value>
         <object_component_ref idref="oc-7a"/>
      </symbol>
      <symbol id="sm-201">
         <name>putsUart0</name>
         <value>0x3cff</value>
         <object_component_ref idref="oc-7a"/>
      </symbol>
      <symbol id="sm-202">
         <name>initUart0</name>
         <value>0x3c55</value>
         <object_component_ref idref="oc-7a"/>
      </symbol>
      <symbol id="sm-203">
         <name>putcUart0</name>
         <value>0x3ce3</value>
         <object_component_ref idref="oc-7a"/>
      </symbol>
      <symbol id="sm-211">
         <name>waitMicrosecond</name>
         <value>0x4d25</value>
         <object_component_ref idref="oc-98"/>
      </symbol>
      <symbol id="sm-240">
         <name>snprintf</name>
         <value>0x4a75</value>
         <object_component_ref idref="oc-bf"/>
      </symbol>
      <symbol id="sm-262">
         <name>sprintf</name>
         <value>0x4b4d</value>
         <object_component_ref idref="oc-c5"/>
      </symbol>
      <symbol id="sm-299">
         <name>sscanf</name>
         <value>0x4c0d</value>
         <object_component_ref idref="oc-86"/>
      </symbol>
      <symbol id="sm-2b4">
         <name>memcpy</name>
         <value>0x4463</value>
         <object_component_ref idref="oc-41"/>
      </symbol>
      <symbol id="sm-2b5">
         <name>__aeabi_memcpy</name>
         <value>0x4463</value>
         <object_component_ref idref="oc-41"/>
      </symbol>
      <symbol id="sm-2b6">
         <name>__aeabi_memcpy8</name>
         <value>0x4463</value>
         <object_component_ref idref="oc-41"/>
      </symbol>
      <symbol id="sm-2b7">
         <name>__aeabi_memcpy4</name>
         <value>0x4463</value>
         <object_component_ref idref="oc-41"/>
      </symbol>
      <symbol id="sm-2d0">
         <name>__TI_zero_init_nomemset</name>
         <value>0x4d45</value>
         <object_component_ref idref="oc-4d"/>
      </symbol>
      <symbol id="sm-2e7">
         <name>__TI_decompress_none</name>
         <value>0x4e91</value>
         <object_component_ref idref="oc-1b"/>
      </symbol>
      <symbol id="sm-30a">
         <name>__TI_decompress_lzss</name>
         <value>0x4861</value>
         <object_component_ref idref="oc-15"/>
      </symbol>
      <symbol id="sm-315">
         <name>_ctypes_</name>
         <value>0x4ed0</value>
         <object_component_ref idref="oc-10d"/>
      </symbol>
      <symbol id="sm-324">
         <name>strcmp</name>
         <value>0x4ddf</value>
         <object_component_ref idref="oc-b3"/>
      </symbol>
      <symbol id="sm-332">
         <name>strlen</name>
         <value>0x4e39</value>
         <object_component_ref idref="oc-b9"/>
      </symbol>
      <symbol id="sm-34a">
         <name>strtok</name>
         <value>0x4b8d</value>
         <object_component_ref idref="oc-ad"/>
      </symbol>
      <symbol id="sm-359">
         <name>tolower</name>
         <value>0x4e81</value>
         <object_component_ref idref="oc-80"/>
      </symbol>
      <symbol id="sm-36c">
         <name>__stack</name>
         <value>0x20000000</value>
         <object_component_ref idref="oc-24"/>
      </symbol>
      <symbol id="sm-36d">
         <name>_c_int00_noargs</name>
         <value>0x4c45</value>
         <object_component_ref idref="oc-5f"/>
      </symbol>
      <symbol id="sm-4d2">
         <name>__TI_printfi</name>
         <value>0xd81</value>
         <object_component_ref idref="oc-165"/>
      </symbol>
      <symbol id="sm-588">
         <name>__TI_scanfi</name>
         <value>0x26d</value>
         <object_component_ref idref="oc-112"/>
      </symbol>
      <symbol id="sm-5a8">
         <name>frexpl</name>
         <value>0x48c9</value>
         <object_component_ref idref="oc-321"/>
      </symbol>
      <symbol id="sm-5a9">
         <name>frexp</name>
         <value>0x48c9</value>
         <object_component_ref idref="oc-321"/>
      </symbol>
      <symbol id="sm-5c6">
         <name>scalbn</name>
         <value>0x3fc1</value>
         <object_component_ref idref="oc-2cd"/>
      </symbol>
      <symbol id="sm-5c7">
         <name>scalbnl</name>
         <value>0x3fc1</value>
         <object_component_ref idref="oc-2cd"/>
      </symbol>
      <symbol id="sm-5c8">
         <name>ldexpl</name>
         <value>0x3fc1</value>
         <object_component_ref idref="oc-2cd"/>
      </symbol>
      <symbol id="sm-5c9">
         <name>ldexp</name>
         <value>0x3fc1</value>
         <object_component_ref idref="oc-2cd"/>
      </symbol>
      <symbol id="sm-5e2">
         <name>wcslen</name>
         <value>0x4e5f</value>
         <object_component_ref idref="oc-26c"/>
      </symbol>
      <symbol id="sm-5f9">
         <name>__aeabi_dsub</name>
         <value>0x359d</value>
         <object_component_ref idref="oc-2c3"/>
      </symbol>
      <symbol id="sm-5fa">
         <name>__aeabi_dadd</name>
         <value>0x35a7</value>
         <object_component_ref idref="oc-2c3"/>
      </symbol>
      <symbol id="sm-61c">
         <name>__aeabi_cdcmpeq</name>
         <value>0x4595</value>
         <object_component_ref idref="oc-249"/>
      </symbol>
      <symbol id="sm-61d">
         <name>__aeabi_cdcmple</name>
         <value>0x4595</value>
         <object_component_ref idref="oc-249"/>
      </symbol>
      <symbol id="sm-61e">
         <name>__aeabi_cdrcmple</name>
         <value>0x461b</value>
         <object_component_ref idref="oc-2f1"/>
      </symbol>
      <symbol id="sm-632">
         <name>__aeabi_ddiv</name>
         <value>0x39ed</value>
         <object_component_ref idref="oc-2c8"/>
      </symbol>
      <symbol id="sm-63d">
         <name>__aeabi_dmul</name>
         <value>0x41e1</value>
         <object_component_ref idref="oc-2be"/>
      </symbol>
      <symbol id="sm-647">
         <name>__aeabi_d2iz</name>
         <value>0x4ac1</value>
         <object_component_ref idref="oc-2f6"/>
      </symbol>
      <symbol id="sm-653">
         <name>__aeabi_d2f</name>
         <value>0x4789</value>
         <object_component_ref idref="oc-1fe"/>
      </symbol>
      <symbol id="sm-65d">
         <name>__aeabi_i2d</name>
         <value>0x4ca9</value>
         <object_component_ref idref="oc-301"/>
      </symbol>
      <symbol id="sm-66a">
         <name>__aeabi_uldivmod</name>
         <value>0x44ff</value>
         <object_component_ref idref="oc-2b5"/>
      </symbol>
      <symbol id="sm-679">
         <name>__aeabi_memset</name>
         <value>0x46a3</value>
         <object_component_ref idref="oc-f2"/>
      </symbol>
      <symbol id="sm-67a">
         <name>memset</name>
         <value>0x46a9</value>
         <object_component_ref idref="oc-f2"/>
      </symbol>
      <symbol id="sm-67b">
         <name>__aeabi_memset8</name>
         <value>0x46a3</value>
         <object_component_ref idref="oc-f2"/>
      </symbol>
      <symbol id="sm-67c">
         <name>__aeabi_memset4</name>
         <value>0x46a3</value>
         <object_component_ref idref="oc-f2"/>
      </symbol>
      <symbol id="sm-67d">
         <name>__aeabi_memclr8</name>
         <value>0x46a1</value>
         <object_component_ref idref="oc-f2"/>
      </symbol>
      <symbol id="sm-67e">
         <name>__aeabi_memclr4</name>
         <value>0x46a1</value>
         <object_component_ref idref="oc-f2"/>
      </symbol>
      <symbol id="sm-67f">
         <name>__aeabi_memclr</name>
         <value>0x46a1</value>
         <object_component_ref idref="oc-f2"/>
      </symbol>
      <symbol id="sm-6a7">
         <name>__TI_auto_init_nobinit_nopinit</name>
         <value>0x4b09</value>
         <object_component_ref idref="oc-1ad"/>
      </symbol>
      <symbol id="sm-6b1">
         <name>_system_pre_init</name>
         <value>0x4ec5</value>
         <object_component_ref idref="oc-f8"/>
      </symbol>
      <symbol id="sm-6bd">
         <name>C$$EXIT</name>
         <value>0x4ec9</value>
         <object_component_ref idref="oc-1a1"/>
      </symbol>
      <symbol id="sm-6be">
         <name>abort</name>
         <value>0x4ec9</value>
         <object_component_ref idref="oc-1a1"/>
      </symbol>
      <symbol id="sm-6ce">
         <name>__TI_ltoa</name>
         <value>0x4983</value>
         <object_component_ref idref="oc-2fb"/>
      </symbol>
      <symbol id="sm-6e5">
         <name>atoi</name>
         <value>0x4a29</value>
         <object_component_ref idref="oc-20f"/>
      </symbol>
      <symbol id="sm-6f5">
         <name>memccpy</name>
         <value>0x4d61</value>
         <object_component_ref idref="oc-266"/>
      </symbol>
      <symbol id="sm-705">
         <name>strchr</name>
         <value>0x4e0f</value>
         <object_component_ref idref="oc-21b"/>
      </symbol>
      <symbol id="sm-713">
         <name>strcpy</name>
         <value>0x4e25</value>
         <object_component_ref idref="oc-1e6"/>
      </symbol>
      <symbol id="sm-724">
         <name>strcspn</name>
         <value>0x4d01</value>
         <object_component_ref idref="oc-151"/>
      </symbol>
      <symbol id="sm-733">
         <name>strrchr</name>
         <value>0x4df7</value>
         <object_component_ref idref="oc-215"/>
      </symbol>
      <symbol id="sm-745">
         <name>strspn</name>
         <value>0x4cd7</value>
         <object_component_ref idref="oc-14b"/>
      </symbol>
      <symbol id="sm-7a5">
         <name>strtold</name>
         <value>0x275d</value>
         <object_component_ref idref="oc-1f8"/>
      </symbol>
      <symbol id="sm-7a6">
         <name>strtod</name>
         <value>0x275d</value>
         <object_component_ref idref="oc-1f8"/>
      </symbol>
      <symbol id="sm-7ca">
         <name>strtol</name>
         <value>0x3b25</value>
         <object_component_ref idref="oc-203"/>
      </symbol>
      <symbol id="sm-7f0">
         <name>strtoll</name>
         <value>0x31f1</value>
         <object_component_ref idref="oc-209"/>
      </symbol>
      <symbol id="sm-810">
         <name>strtoul</name>
         <value>0x40d1</value>
         <object_component_ref idref="oc-1f2"/>
      </symbol>
      <symbol id="sm-833">
         <name>strtoull</name>
         <value>0x3755</value>
         <object_component_ref idref="oc-1ec"/>
      </symbol>
      <symbol id="sm-849">
         <name>__aeabi_errno_addr</name>
         <value>0x4eb5</value>
         <object_component_ref idref="oc-272"/>
      </symbol>
      <symbol id="sm-84a">
         <name>errno</name>
         <value>0x20001000</value>
         <object_component_ref idref="oc-331"/>
      </symbol>
      <symbol id="sm-854">
         <name>copysign</name>
         <value>0x4d7d</value>
         <object_component_ref idref="oc-36e"/>
      </symbol>
      <symbol id="sm-855">
         <name>copysignl</name>
         <value>0x4d7d</value>
         <object_component_ref idref="oc-36e"/>
      </symbol>
      <symbol id="sm-85f">
         <name>__aeabi_idiv0</name>
         <value>0x17cf</value>
         <object_component_ref idref="oc-361"/>
      </symbol>
      <symbol id="sm-860">
         <name>__aeabi_ldiv0</name>
         <value>0x17cf</value>
         <object_component_ref idref="oc-361"/>
      </symbol>
      <symbol id="sm-869">
         <name>__aeabi_lmul</name>
         <value>0x4dc7</value>
         <object_component_ref idref="oc-2b0"/>
      </symbol>
      <symbol id="sm-86a">
         <name>__TI_static_base__</name>
         <value>0x0</value>
      </symbol>
      <symbol id="sm-86d">
         <name>__mpu_init</name>
         <value>0x0</value>
      </symbol>
      <symbol id="sm-86e">
         <name>_system_post_cinit</name>
         <value>0x0</value>
      </symbol>
   </symbol_table>
   <title>Link successful</title>
</link_info>
