******************************************************************************
                  TI ARM Linker PC v20.2.5                     
******************************************************************************
>> Linked Tue Sep 13 18:49:57 2022

OUTPUT FILE NAME:   <I2C_UART_LCD.out>
ENTRY POINT SYMBOL: "_c_int00_noargs"  address: 00004c45


MEMORY CONFIGURATION

         name            origin    length      used     unused   attr    fill
----------------------  --------  ---------  --------  --------  ----  --------
  FLASH                 00000000   00040000  000050dc  0003af24  R  X
  SRAM                  20000000   00008000  00001009  00006ff7  RW X


SEGMENT ALLOCATION MAP

run origin  load origin   length   init length attrs members
----------  ----------- ---------- ----------- ----- -------
00000000    00000000    000050e0   000050e0    r-x
  00000000    00000000    0000026c   0000026c    r-- .intvecs
  0000026c    0000026c    00004c60   00004c60    r-x .text
  00004ed0    00004ed0    000001e0   000001e0    r-- .const
  000050b0    000050b0    00000030   00000030    r-- .cinit
20000000    20000000    00001009   00000000    rw-
  20000000    20000000    00001000   00000000    rw- .stack
  20001000    20001000    00000008   00000000    rw- .data
  20001008    20001008    00000001   00000000    rw- .bss


SECTION ALLOCATION MAP

 output                                  attributes/
section   page    origin      length       input sections
--------  ----  ----------  ----------   ----------------
.intvecs   0    00000000    0000026c     
                  00000000    0000026c     tm4c123gh6pm_startup_ccs.obj (.intvecs)

.text      0    0000026c    00004c60     
                  0000026c    00000b14     rtsv7M4_T_le_v4SPD16_eabi.lib : _scanfi.c.obj (.text:__TI_scanfi)
                  00000d80    00000a4e                                   : _printfi.c.obj (.text:__TI_printfi)
                  000017ce    00000002                                   : div0.asm.obj (.text)
                  000017d0    000007e4     gpio.obj (.text)
                  00001fb4    000007a6     I2C_UART_LCD.obj (.text)
                  0000275a    00000002     --HOLE-- [fill = 0]
                  0000275c    00000460     rtsv7M4_T_le_v4SPD16_eabi.lib : strtod.c.obj (.text:strtod)
                  00002bbc    000003c4     i2c0.obj (.text)
                  00002f80    00000270     rtsv7M4_T_le_v4SPD16_eabi.lib : _printfi.c.obj (.text:_pconv_a)
                  000031f0    000001dc                                   : strtoll.c.obj (.text:strtoll)
                  000033cc    000001d0                                   : _printfi.c.obj (.text:_pconv_g)
                  0000359c    000001b6                                   : fd_add_t2.asm.obj (.text)
                  00003752    00000002     --HOLE-- [fill = 0]
                  00003754    0000015c                                   : strtoull.c.obj (.text:strtoull)
                  000038b0    0000013c                                   : _printfi.c.obj (.text:_pconv_e)
                  000039ec    00000136                                   : fd_div_t2.asm.obj (.text)
                  00003b22    00000002     --HOLE-- [fill = 0]
                  00003b24    00000130                                   : strtol.c.obj (.text:strtol)
                  00003c54    00000128     uart0.obj (.text)
                  00003d7c    00000124     rtsv7M4_T_le_v4SPD16_eabi.lib : _printfi.c.obj (.text:fcvt)
                  00003ea0    0000011e     i2c0_lcd.obj (.text)
                  00003fbe    00000002     --HOLE-- [fill = 0]
                  00003fc0    00000110     rtsv7M4_T_le_v4SPD16_eabi.lib : s_scalbn.c.obj (.text:scalbn)
                  000040d0    00000110                                   : strtoul.c.obj (.text:strtoul)
                  000041e0    000000fc                                   : fd_mul_t2.asm.obj (.text)
                  000042dc    000000d4     nvic.obj (.text)
                  000043b0    000000b1     rtsv7M4_T_le_v4SPD16_eabi.lib : _printfi.c.obj (.text:_ltostr)
                  00004461    00000001     --HOLE-- [fill = 0]
                  00004462    0000009c                                   : memcpy_t2.asm.obj (.text)
                  000044fe    00000096                                   : ull_div_t2.asm.obj (.text)
                  00004594    00000086                                   : fd_cmp_t2.asm.obj (.text:__aeabi_cdcmple)
                  0000461a    00000086                                   : fd_cmp_t2.asm.obj (.text:__aeabi_cdrcmple)
                  000046a0    0000007a                                   : memset_t2.asm.obj (.text)
                  0000471a    0000006e                                   : _printfi.c.obj (.text:_mcpy)
                  00004788    0000006e                                   : fd_tos_t2.asm.obj (.text)
                  000047f6    00000002     --HOLE-- [fill = 0]
                  000047f8    00000068                                   : sscanf.c.obj (.text:_chkmbc)
                  00004860    00000068                                   : copy_decompress_lzss.c.obj (.text:decompress:lzss:__TI_decompress_lzss)
                  000048c8    00000064                                   : s_frexp.c.obj (.text:frexp)
                  0000492c    00000056                                   : _printfi.c.obj (.text:_pconv_f)
                  00004982    00000054                                   : _ltoa.c.obj (.text:__TI_ltoa)
                  000049d6    00000052                                   : _printfi.c.obj (.text:_ecpy)
                  00004a28    0000004c                                   : atoi.c.obj (.text:atoi)
                  00004a74    0000004c                                   : snprintf.c.obj (.text:snprintf)
                  00004ac0    00000048                                   : fd_toi_t2.asm.obj (.text)
                  00004b08    00000044                                   : autoinit.c.obj (.text:__TI_auto_init_nobinit_nopinit:__TI_auto_init_nobinit_nopinit)
                  00004b4c    00000040                                   : sprintf.c.obj (.text:sprintf)
                  00004b8c    00000040                                   : strtok.c.obj (.text:strtok)
                  00004bcc    0000003e                                   : _printfi.c.obj (.text:_fcpy)
                  00004c0a    00000002     --HOLE-- [fill = 0]
                  00004c0c    00000038                                   : sscanf.c.obj (.text:sscanf)
                  00004c44    00000034                                   : boot_cortex_m.c.obj (.text:_c_int00_noargs:_c_int00_noargs)
                  00004c78    00000030                                   : snprintf.c.obj (.text:_outs)
                  00004ca8    0000002e                                   : i_tofd_t2.asm.obj (.text)
                  00004cd6    0000002a                                   : strspn.c.obj (.text:strspn)
                  00004d00    00000024                                   : strcspn.c.obj (.text:strcspn)
                  00004d24    00000020     wait.obj (.text)
                  00004d44    0000001c     rtsv7M4_T_le_v4SPD16_eabi.lib : copy_zero_init.c.obj (.text:decompress:ZI:__TI_zero_init_nomemset:__TI_zero_init_nomemset)
                  00004d60    0000001c                                   : memccpy.c.obj (.text:memccpy)
                  00004d7c    0000001a                                   : s_copysign.c.obj (.text:copysign)
                  00004d96    00000018                                   : snprintf.c.obj (.text:_outc)
                  00004dae    00000018                                   : sprintf.c.obj (.text:_outs)
                  00004dc6    00000018                                   : ll_mul_t2.asm.obj (.text)
                  00004dde    00000018                                   : strcmp.c.obj (.text:strcmp)
                  00004df6    00000018                                   : strrchr.c.obj (.text:strrchr)
                  00004e0e    00000016                                   : strchr.c.obj (.text:strchr)
                  00004e24    00000014                                   : strcpy.c.obj (.text:strcpy)
                  00004e38    00000014                                   : strlen.c.obj (.text:strlen)
                  00004e4c    00000012                                   : sscanf.c.obj (.text:_inpchar)
                  00004e5e    00000012                                   : wcslen.c.obj (.text:wcslen)
                  00004e70    00000010     clock.obj (.text)
                  00004e80    00000010     rtsv7M4_T_le_v4SPD16_eabi.lib : tolower.c.obj (.text:tolower)
                  00004e90    0000000e                                   : copy_decompress_none.c.obj (.text:decompress:none:__TI_decompress_none)
                  00004e9e    0000000c     tm4c123gh6pm_startup_ccs.obj (.text)
                  00004eaa    0000000a     rtsv7M4_T_le_v4SPD16_eabi.lib : sprintf.c.obj (.text:_outc)
                  00004eb4    00000008                                   : errno.c.obj (.text:__aeabi_errno_addr)
                  00004ebc    00000008                                   : sscanf.c.obj (.text:_uninpchar)
                  00004ec4    00000004                                   : pre_init.c.obj (.text:_system_pre_init)
                  00004ec8    00000004                                   : exit.c.obj (.text:abort:abort)

.const     0    00004ed0    000001e0     
                  00004ed0    00000101     rtsv7M4_T_le_v4SPD16_eabi.lib : ctype.c.obj (.const:.string:_ctypes_)
                  00004fd1    00000007     --HOLE-- [fill = 0]
                  00004fd8    000000c8                                   : strtod.c.obj (.const:$O1$$)
                  000050a0    00000010                                   : _scanfi.c.obj (.const:$O1$$)

.cinit     0    000050b0    00000030     
                  000050b0    0000000c     (__TI_handler_table)
                  000050bc    00000004     --HOLE-- [fill = 0]
                  000050c0    00000008     (.cinit..bss.load) [load image, compression = zero_init]
                  000050c8    00000007     (.cinit..data.load) [load image, compression = lzss]
                  000050cf    00000001     --HOLE-- [fill = 0]
                  000050d0    00000010     (__TI_cinit_table)

.init_array 
*          0    00000000    00000000     UNINITIALIZED

.data      0    20001000    00000008     UNINITIALIZED
                  20001000    00000004     rtsv7M4_T_le_v4SPD16_eabi.lib : errno.c.obj (.data)
                  20001004    00000004                                   : strtok.c.obj (.data)

.bss       0    20001008    00000001     UNINITIALIZED
                  20001008    00000001     (.common:INTCAPregValue)

.stack     0    20000000    00001000     UNINITIALIZED
                  20000000    00000004     rtsv7M4_T_le_v4SPD16_eabi.lib : boot_cortex_m.c.obj (.stack)
                  20000004    00000ffc     --HOLE--

__llvm_prf_cnts 
*          0    20000000    00000000     UNINITIALIZED

MODULE SUMMARY

       Module                         code    ro data   rw data
       ------                         ----    -------   -------
    .\
       gpio.obj                       2020    0         0      
       I2C_UART_LCD.obj               1958    0         1      
       i2c0.obj                       964     0         0      
       tm4c123gh6pm_startup_ccs.obj   12      620       0      
       uart0.obj                      296     0         0      
       i2c0_lcd.obj                   286     0         0      
       nvic.obj                       212     0         0      
       wait.obj                       32      0         0      
       clock.obj                      16      0         0      
    +--+------------------------------+-------+---------+---------+
       Total:                         5796    620       1      
                                                               
    C:\ti\ccs1120\ccs\tools\compiler\ti-cgt-arm_20.2.5.LTS\lib\rtsv7M4_T_le_v4SPD16_eabi.lib
       _printfi.c.obj                 4851    0         0      
       _scanfi.c.obj                  2836    16        0      
       strtod.c.obj                   1120    200       0      
       strtoll.c.obj                  476     0         0      
       fd_add_t2.asm.obj              438     0         0      
       strtoull.c.obj                 348     0         0      
       fd_div_t2.asm.obj              310     0         0      
       strtol.c.obj                   304     0         0      
       s_scalbn.c.obj                 272     0         0      
       strtoul.c.obj                  272     0         0      
       fd_cmp_t2.asm.obj              268     0         0      
       ctype.c.obj                    0       257       0      
       fd_mul_t2.asm.obj              252     0         0      
       sscanf.c.obj                   186     0         0      
       memcpy_t2.asm.obj              156     0         0      
       ull_div_t2.asm.obj             150     0         0      
       snprintf.c.obj                 148     0         0      
       memset_t2.asm.obj              122     0         0      
       fd_tos_t2.asm.obj              110     0         0      
       copy_decompress_lzss.c.obj     104     0         0      
       s_frexp.c.obj                  100     0         0      
       sprintf.c.obj                  98      0         0      
       _ltoa.c.obj                    84      0         0      
       atoi.c.obj                     76      0         0      
       fd_toi_t2.asm.obj              72      0         0      
       autoinit.c.obj                 68      0         0      
       strtok.c.obj                   64      0         4      
       boot_cortex_m.c.obj            52      0         0      
       i_tofd_t2.asm.obj              46      0         0      
       strspn.c.obj                   42      0         0      
       strcspn.c.obj                  36      0         0      
       copy_zero_init.c.obj           28      0         0      
       memccpy.c.obj                  28      0         0      
       s_copysign.c.obj               26      0         0      
       ll_mul_t2.asm.obj              24      0         0      
       strcmp.c.obj                   24      0         0      
       strrchr.c.obj                  24      0         0      
       strchr.c.obj                   22      0         0      
       strcpy.c.obj                   20      0         0      
       strlen.c.obj                   20      0         0      
       wcslen.c.obj                   18      0         0      
       tolower.c.obj                  16      0         0      
       copy_decompress_none.c.obj     14      0         0      
       errno.c.obj                    8       0         4      
       exit.c.obj                     4       0         0      
       pre_init.c.obj                 4       0         0      
       div0.asm.obj                   2       0         0      
    +--+------------------------------+-------+---------+---------+
       Total:                         13743   473       8      
                                                               
       Stack:                         0       0         4096   
       Linker Generated:              0       43        0      
    +--+------------------------------+-------+---------+---------+
       Grand Total:                   19539   1136      4105   


LINKER GENERATED COPY TABLES

__TI_cinit_table @ 000050d0 records: 2, size/record: 8, table size: 16
	.bss: load addr=000050c0, load size=00000008 bytes, run addr=20001008, run size=00000001 bytes, compression=zero_init
	.data: load addr=000050c8, load size=00000007 bytes, run addr=20001000, run size=00000008 bytes, compression=lzss


LINKER GENERATED HANDLER TABLE

__TI_handler_table @ 000050b0 records: 3, size/record: 4, table size: 12
	index: 0, handler: __TI_decompress_lzss
	index: 1, handler: __TI_decompress_none
	index: 2, handler: __TI_zero_init


GLOBAL SYMBOLS: SORTED ALPHABETICALLY BY Name 

address   name                          
-------   ----                          
00004ec9  C$$EXIT                       
0000208f  GPIOE_isr                     
20001008  INTCAPregValue                
00004e9f  ResetISR                      
20001000  __STACK_END                   
00001000  __STACK_SIZE                  
20000200  __STACK_TOP                   
000050d0  __TI_CINIT_Base               
000050e0  __TI_CINIT_Limit              
000050b0  __TI_Handler_Table_Base       
000050bc  __TI_Handler_Table_Limit      
00004b09  __TI_auto_init_nobinit_nopinit
00004861  __TI_decompress_lzss          
00004e91  __TI_decompress_none          
00004983  __TI_ltoa                     
ffffffff  __TI_pprof_out_hndl           
00000d81  __TI_printfi                  
ffffffff  __TI_prof_data_size           
ffffffff  __TI_prof_data_start          
0000026d  __TI_scanfi                   
00000000  __TI_static_base__            
00004d45  __TI_zero_init_nomemset       
00004595  __aeabi_cdcmpeq               
00004595  __aeabi_cdcmple               
0000461b  __aeabi_cdrcmple              
00004789  __aeabi_d2f                   
00004ac1  __aeabi_d2iz                  
000035a7  __aeabi_dadd                  
000039ed  __aeabi_ddiv                  
000041e1  __aeabi_dmul                  
0000359d  __aeabi_dsub                  
00004eb5  __aeabi_errno_addr            
00004ca9  __aeabi_i2d                   
000017cf  __aeabi_idiv0                 
000017cf  __aeabi_ldiv0                 
00004dc7  __aeabi_lmul                  
000046a1  __aeabi_memclr                
000046a1  __aeabi_memclr4               
000046a1  __aeabi_memclr8               
00004463  __aeabi_memcpy                
00004463  __aeabi_memcpy4               
00004463  __aeabi_memcpy8               
000046a3  __aeabi_memset                
000046a3  __aeabi_memset4               
000046a3  __aeabi_memset8               
000044ff  __aeabi_uldivmod              
ffffffff  __binit__                     
ffffffff  __c_args__                    
UNDEFED   __mpu_init                    
20000000  __stack                       
20000000  __start___llvm_prf_cnts       
20000000  __stop___llvm_prf_cnts        
00004c45  _c_int00_noargs               
00004ed0  _ctypes_                      
UNDEFED   _system_post_cinit            
00004ec5  _system_pre_init              
00004ec9  abort                         
0000205b  asciiToUint8                  
00004a29  atoi                          
ffffffff  binit                         
00001e25  clearPinInterrupt             
00004d7d  copysign                      
00004d7d  copysignl                     
00004315  disableNvicInterrupt          
00001e01  disablePinInterrupt           
00001b39  disablePinPulldown            
00001af1  disablePinPullup              
0000188d  disablePort                   
000042dd  enableNvicInterrupt           
00001ddd  enablePinInterrupt            
00001b15  enablePinPulldown             
00001ac3  enablePinPullup               
000017d1  enablePort                    
20001000  errno                         
000048c9  frexp                         
000048c9  frexpl                        
00000000  g_pfnVectors                  
00001e6f  getPinValue                   
00001f25  getPortValue                  
00003d2b  getcUart0                     
00001fbd  getsUart0                     
00001fb5  initHw                        
00002bbd  initI2c0                      
00003f41  initLcd                       
00004e71  initSystemClockTo40Mhz        
00003c55  initUart0                     
00002f55  isI2c0Error                   
00003d3f  kbhitUart0                    
00003fc1  ldexp                         
00003fc1  ldexpl                        
00002105  main                          
00004d61  memccpy                       
00004463  memcpy                        
000046a9  memset                        
00002f07  pollI2c0Address               
00003ce3  putcUart0                     
00003f63  putsLcd                       
00003cff  putsUart0                     
00002c4d  readI2c0Data                  
00002d91  readI2c0Register              
00002def  readI2c0Registers             
00003fc1  scalbn                        
00003fc1  scalbnl                       
000019f7  selectPinAnalogInput          
000019a9  selectPinDigitalInput         
00001d13  selectPinInterruptBothEdges   
00001cc3  selectPinInterruptFallingEdge 
00001d69  selectPinInterruptHighLevel   
00001da3  selectPinInterruptLowLevel    
00001c73  selectPinInterruptRisingEdge  
0000195b  selectPinOpenDrainOutput      
0000190d  selectPinPushPullOutput       
0000434d  setNvicInterruptPriority      
00001b61  setPinAuxFunction             
00001a47  setPinCommitControl           
00001e49  setPinValue                   
00001ea9  setPortValue                  
00003c9f  setUart0BaudRate              
00004a75  snprintf                      
00004b4d  sprintf                       
00004c0d  sscanf                        
00004e0f  strchr                        
00004ddf  strcmp                        
00004e25  strcpy                        
00004d01  strcspn                       
00004e39  strlen                        
00004df7  strrchr                       
00004cd7  strspn                        
0000275d  strtod                        
00004b8d  strtok                        
00003b25  strtol                        
0000275d  strtold                       
000031f1  strtoll                       
000040d1  strtoul                       
00003755  strtoull                      
00004e81  tolower                       
00004d25  waitMicrosecond               
00004e5f  wcslen                        
00002c17  writeI2c0Data                 
00002c81  writeI2c0Register             
00002cd7  writeI2c0Registers            
00003ea1  writeTextLcdCommand           
00003ef1  writeTextLcdData              


GLOBAL SYMBOLS: SORTED BY Symbol Address 

address   name                          
-------   ----                          
00000000  __TI_static_base__            
00000000  g_pfnVectors                  
0000026d  __TI_scanfi                   
00000d81  __TI_printfi                  
00001000  __STACK_SIZE                  
000017cf  __aeabi_idiv0                 
000017cf  __aeabi_ldiv0                 
000017d1  enablePort                    
0000188d  disablePort                   
0000190d  selectPinPushPullOutput       
0000195b  selectPinOpenDrainOutput      
000019a9  selectPinDigitalInput         
000019f7  selectPinAnalogInput          
00001a47  setPinCommitControl           
00001ac3  enablePinPullup               
00001af1  disablePinPullup              
00001b15  enablePinPulldown             
00001b39  disablePinPulldown            
00001b61  setPinAuxFunction             
00001c73  selectPinInterruptRisingEdge  
00001cc3  selectPinInterruptFallingEdge 
00001d13  selectPinInterruptBothEdges   
00001d69  selectPinInterruptHighLevel   
00001da3  selectPinInterruptLowLevel    
00001ddd  enablePinInterrupt            
00001e01  disablePinInterrupt           
00001e25  clearPinInterrupt             
00001e49  setPinValue                   
00001e6f  getPinValue                   
00001ea9  setPortValue                  
00001f25  getPortValue                  
00001fb5  initHw                        
00001fbd  getsUart0                     
0000205b  asciiToUint8                  
0000208f  GPIOE_isr                     
00002105  main                          
0000275d  strtod                        
0000275d  strtold                       
00002bbd  initI2c0                      
00002c17  writeI2c0Data                 
00002c4d  readI2c0Data                  
00002c81  writeI2c0Register             
00002cd7  writeI2c0Registers            
00002d91  readI2c0Register              
00002def  readI2c0Registers             
00002f07  pollI2c0Address               
00002f55  isI2c0Error                   
000031f1  strtoll                       
0000359d  __aeabi_dsub                  
000035a7  __aeabi_dadd                  
00003755  strtoull                      
000039ed  __aeabi_ddiv                  
00003b25  strtol                        
00003c55  initUart0                     
00003c9f  setUart0BaudRate              
00003ce3  putcUart0                     
00003cff  putsUart0                     
00003d2b  getcUart0                     
00003d3f  kbhitUart0                    
00003ea1  writeTextLcdCommand           
00003ef1  writeTextLcdData              
00003f41  initLcd                       
00003f63  putsLcd                       
00003fc1  ldexp                         
00003fc1  ldexpl                        
00003fc1  scalbn                        
00003fc1  scalbnl                       
000040d1  strtoul                       
000041e1  __aeabi_dmul                  
000042dd  enableNvicInterrupt           
00004315  disableNvicInterrupt          
0000434d  setNvicInterruptPriority      
00004463  __aeabi_memcpy                
00004463  __aeabi_memcpy4               
00004463  __aeabi_memcpy8               
00004463  memcpy                        
000044ff  __aeabi_uldivmod              
00004595  __aeabi_cdcmpeq               
00004595  __aeabi_cdcmple               
0000461b  __aeabi_cdrcmple              
000046a1  __aeabi_memclr                
000046a1  __aeabi_memclr4               
000046a1  __aeabi_memclr8               
000046a3  __aeabi_memset                
000046a3  __aeabi_memset4               
000046a3  __aeabi_memset8               
000046a9  memset                        
00004789  __aeabi_d2f                   
00004861  __TI_decompress_lzss          
000048c9  frexp                         
000048c9  frexpl                        
00004983  __TI_ltoa                     
00004a29  atoi                          
00004a75  snprintf                      
00004ac1  __aeabi_d2iz                  
00004b09  __TI_auto_init_nobinit_nopinit
00004b4d  sprintf                       
00004b8d  strtok                        
00004c0d  sscanf                        
00004c45  _c_int00_noargs               
00004ca9  __aeabi_i2d                   
00004cd7  strspn                        
00004d01  strcspn                       
00004d25  waitMicrosecond               
00004d45  __TI_zero_init_nomemset       
00004d61  memccpy                       
00004d7d  copysign                      
00004d7d  copysignl                     
00004dc7  __aeabi_lmul                  
00004ddf  strcmp                        
00004df7  strrchr                       
00004e0f  strchr                        
00004e25  strcpy                        
00004e39  strlen                        
00004e5f  wcslen                        
00004e71  initSystemClockTo40Mhz        
00004e81  tolower                       
00004e91  __TI_decompress_none          
00004e9f  ResetISR                      
00004eb5  __aeabi_errno_addr            
00004ec5  _system_pre_init              
00004ec9  C$$EXIT                       
00004ec9  abort                         
00004ed0  _ctypes_                      
000050b0  __TI_Handler_Table_Base       
000050bc  __TI_Handler_Table_Limit      
000050d0  __TI_CINIT_Base               
000050e0  __TI_CINIT_Limit              
20000000  __stack                       
20000000  __start___llvm_prf_cnts       
20000000  __stop___llvm_prf_cnts        
20000200  __STACK_TOP                   
20001000  __STACK_END                   
20001000  errno                         
20001008  INTCAPregValue                
ffffffff  __TI_pprof_out_hndl           
ffffffff  __TI_prof_data_size           
ffffffff  __TI_prof_data_start          
ffffffff  __binit__                     
ffffffff  __c_args__                    
ffffffff  binit                         
UNDEFED   __mpu_init                    
UNDEFED   _system_post_cinit            

[143 symbols]
